[reviewcoinx.com/index.html]
[reviewcoinx.com/wp-content/uploads/2022/03/faicoin.png]
[reviewcoinx.com/xmlrpc.php]
[backblue.gif]
[fade.gif]
[index.html]
[reviewcoinx.com/wp-includes/css/dist/block-library/style.min.css]
[reviewcoinx.com/vi/index.html]
[reviewcoinx.com/wp-content/plugins/wp-review/public/css/wp-review.css]
[reviewcoinx.com/wp-content/themes/mts_crypto/style.css]
[reviewcoinx.com/page/2/index.html]
[reviewcoinx.com/feed/index.html]
[reviewcoinx.com/wp-content/themes/mts_crypto/images/nobg.png]
[reviewcoinx.com/wp-content/themes/mts_crypto/css/owl.carousel.css]
[reviewcoinx.com/comments/feed/index.html]
[reviewcoinx.com/wp-content/themes/mts_crypto/css/responsive.css]
[reviewcoinx.com/wp-content/themes/mts_crypto/css/font-awesome.min.css]
[reviewcoinx.com/wp-includes/js/jquery/jquery.min.js]
[reviewcoinx.com/wp-includes/js/jquery/jquery-migrate.min.js]
[reviewcoinx.com/wp-content/plugins/wonderplugin-video-embed/engine/wonderpluginvideoembed.js]
[reviewcoinx.com/xmlrpc0db0.php]
[reviewcoinx.com/wp-includes/wlwmanifest.xml]
[reviewcoinx.com/wp-content/uploads/2022/03/logo4.png]
[reviewcoinx.com/wp-json/index.html]
[reviewcoinx.com/exchange/index.html]
[demo.mythemeshop.com/crypto/files/2018/02/header-banner.jpg]
[reviewcoinx.com/exchange/binance/index.html]
[reviewcoinx.com/exchange/ftx/index.html]
[reviewcoinx.com/exchange/coinex/index.html]
[reviewcoinx.com/exchange/bybit/index.html]
[reviewcoinx.com/wp-content/uploads/2022/03/Screenshot_1-740x492.png]
[reviewcoinx.com/exchange/phemex/index.html]
[reviewcoinx.com/wp-content/uploads/2022/03/how-to-register-and-login-account-in-ascendex-1-740x492.jpg]
[reviewcoinx.com/wp-content/uploads/2022/03/gate.io-la-gi-740x492.png]
[reviewcoinx.com/exchange/huobi/index.html]
[reviewcoinx.com/news/index.html]
[reviewcoinx.com/wp-content/uploads/2022/03/Screenshot_1-80x80.png]
[reviewcoinx.com/icos/index.html]
[reviewcoinx.com/quwiex-review-scam-or-legit/index.html]
[reviewcoinx.com/wp-content/uploads/2022/03/how-to-register-and-login-account-in-ascendex-1-80x80.jpg]
[reviewcoinx.com/investment/index.html]
[reviewcoinx.com/wp-content/uploads/2022/03/gate.io-la-gi-80x80.png]
[reviewcoinx.com/exchange/ascendex/index.html]
[reviewcoinx.com/author/trantinhceo/index.html]
[reviewcoinx.com/gate-io-review-how-to-create-gate-io-account/index.html]
[reviewcoinx.com/wp-content/uploads/2022/03/OKX-Review-How-To-Create-OKX-Account-5-80x80.png]
[reviewcoinx.com/gate-io/index.html]
[reviewcoinx.com/how-to-create-an-account-and-register-with-ascendex/index.html]
[reviewcoinx.com/okx-review-how-to-create-okx-account/index.html]
[reviewcoinx.com/wp-content/uploads/2022/03/Screenshot_1-374x264.png]
[reviewcoinx.com/wp-content/uploads/2022/03/how-to-register-and-login-account-in-ascendex-1-374x264.jpg]
[reviewcoinx.com/wp-content/uploads/2022/03/gate.io-la-gi-374x264.png]
[reviewcoinx.com/wp-content/uploads/2022/03/OKX-Review-How-To-Create-OKX-Account-5-374x264.png]
[reviewcoinx.com/wp-content/uploads/2022/03/KuCoin-Exchange-Introduces-Social-Trading-Features-on-Its-Mobile-App-374x264.jpg]
[reviewcoinx.com/kucoin-review-how-to-create-kucoin-account/index.html]
[reviewcoinx.com/wp-content/uploads/2022/03/MEXC-Global-Review-374x264.jpg]
[reviewcoinx.com/mexc-review-how-to-create-mexc-account/index.html]
[reviewcoinx.com/wp-content/uploads/2022/03/phemex-374x264.png]
[reviewcoinx.com/wp-content/uploads/2022/03/huobi-global-exchange-review-374x264.png]
[reviewcoinx.com/phemex-review-how-to-create-phemex-account/index.html]
[reviewcoinx.com/bybit-review-how-to-create-bybit-account/index.html]
[reviewcoinx.com/wp-content/uploads/2022/03/Bybit-374x264.png]
[reviewcoinx.com/tag/ascendex-review/index.html]
[reviewcoinx.com/tag/binance-review/index.html]
[reviewcoinx.com/tag/bybit-register/index.html]
[reviewcoinx.com/huobi-review-how-to-create-huobi-account/index.html]
[reviewcoinx.com/wp-content/plugins/wp-tab-widget/css/wp-tab-widget.css]
[reviewcoinx.com/tag/bybit-sign-up/index.html]
[reviewcoinx.com/tag/coinex-sign-up/index.html]
[reviewcoinx.com/tag/coinex-exchange/index.html]
[reviewcoinx.com/wp-content/themes/mts_crypto/js/customscript.js]
[reviewcoinx.com/tag/create-gate-io-account/index.html]
[reviewcoinx.com/tag/coinex-register/index.html]
[reviewcoinx.com/tag/huobi-review/index.html]
[reviewcoinx.com/tag/kucoin-review/index.html]
[reviewcoinx.com/wp-content/themes/mts_crypto/js/owl.carousel.min.js]
[reviewcoinx.com/tag/mexc-register/index.html]
[reviewcoinx.com/tag/review-kucoin/index.html]
[reviewcoinx.com/wp-content/plugins/wp-review/public/js/js.cookie.min.js]
[reviewcoinx.com/wp-includes/js/underscore.min.js]
[reviewcoinx.com/wp-includes/js/wp-util.min.js]
[reviewcoinx.com/wp-content/plugins/wp-review/public/js/main.js]
[reviewcoinx.com/wp-content/plugins/wp-tab-widget/js/wp-tab-widget.js]
[reviewcoinx.com/index.html]
[reviewcoinx.com/xmlrpc.php]
[reviewcoinx.com/vi/Trang/2/index.html]
[reviewcoinx.com/vi/comments/feed/index.html]
[reviewcoinx.com/vi/feed/index.html]
[reviewcoinx.com/vi/san-giao-dich/ftx/index.html]
[reviewcoinx.com/wp-content/uploads/2022/03/how-to-register-and-login-account-in-ascendex-740x492.jpg]
[reviewcoinx.com/vi/san-giao-dich/coinex/index.html]
[reviewcoinx.com/vi/san-giao-dich/binance/index.html]
[reviewcoinx.com/vi/san-giao-dich/bybit/index.html]
[reviewcoinx.com/vi/san-giao-dich/huobi/index.html]
[reviewcoinx.com/wp-content/uploads/2022/03/OKX-Review-How-To-Create-OKX-Account-5.png]
[reviewcoinx.com/vi/tin-tuc/index.html]
[reviewcoinx.com/vi/san-giao-dich/phemex/index.html]
[reviewcoinx.com/vi/san-ascendex-la-gi-huong-dan-dang-ky-san-ascendex/index.html]
[reviewcoinx.com/vi/san-giao-dich/ascendex/index.html]
[reviewcoinx.com/vi/san-giao-dich/index.html]
[reviewcoinx.com/wp-content/uploads/2022/03/how-to-register-and-login-account-in-ascendex-80x80.jpg]
[reviewcoinx.com/vi/gate-io-la-gi-huong-dan-dang-ky-tai-khoan-san-gate-io/index.html]
[reviewcoinx.com/vi/san-giao-dich/gate-io/index.html]
[reviewcoinx.com/vi/san-okx-la-gi-huong-dan-dang-ky-tai-khoan-san-okx/index.html]
[reviewcoinx.com/vi/Tác Giả/trantinhceo/index.html]
[reviewcoinx.com/vi/san-giao-dich/okx/index.html]
[reviewcoinx.com/vi/san-kucoin-la-gi-huong-dan-dang-ky-tai-khoan-san-kucoin/index.html]
[reviewcoinx.com/wp-content/uploads/2022/03/KuCoin-Exchange-Introduces-Social-Trading-Features-on-Its-Mobile-App-80x80.jpg]
[reviewcoinx.com/wp-content/uploads/2022/03/how-to-register-and-login-account-in-ascendex-374x264.jpg]
[reviewcoinx.com/vi/san-mexc-la-gi-huong-dan-dang-ky-tai-khoan-san-mexc/index.html]
[reviewcoinx.com/vi/san-phemex-la-gi-huong-dan-dang-ky-tai-khoan-san-phemex/index.html]
[reviewcoinx.com/wp-content/uploads/2022/03/maxresdefault-374x264.jpg]
[reviewcoinx.com/vi/index.html]
[reviewcoinx.com/vi/san-huobi-la-gi-huong-dan-dang-ky-tai-khoan-san-huobi/index.html]
[reviewcoinx.com/vi/san-bybit-la-gi-huong-dan-dang-ky-san-bybit/index.html]
[reviewcoinx.com/vi/san-coinex-la-gi-huong-dan-dang-ky-tai-khoan-san-coinex/index.html]
[reviewcoinx.com/vi/tag/san-ascendex/index.html]
[reviewcoinx.com/vi/tag/san-giao-dich-phemex/index.html]
[reviewcoinx.com/vi/tag/tao-tai-khoan-ftx/index.html]
[reviewcoinx.com/vi/tag/tao-tai-khoan-gate-io/index.html]
[reviewcoinx.com/vi/tag/tai-khoan-phemex/index.html]
[reviewcoinx.com/wp-content/uploads/2022/03/san-ftx-la-gi-2-1400x701-1-374x264.jpg]
[reviewcoinx.com/vi/tag/tao-tai-khoan-san-bybit/index.html]
[reviewcoinx.com/vi/tag/tao-tai-khoan-san-coinex/index.html]
[reviewcoinx.com/vi/tag/dang-ky-tai-khoan-san-bybit/index.html]
[reviewcoinx.com/vi/tag/tao-tai-khoan-san-mexc/index.html]
[reviewcoinx.com/vi/tag/dang-ky-tai-khoan-gate-io/index.html]
[reviewcoinx.com/wp-content/uploads/2022/03/The-Binance-Review-374x264.png]
[reviewcoinx.com/page/2/index.html]
[reviewcoinx.com/vi/tag/dang-ky-tai-khoan-okx/index.html]
[reviewcoinx.com/vi/tag/dang-ky-tai-khoan-ftx/index.html]
[reviewcoinx.com/comments/feed/index.html]
[reviewcoinx.com/coinex-review-how-to-register-coinex-account/index.html]
[reviewcoinx.com/wp-includes/css/dist/block-library/style.min.css]
[reviewcoinx.com/ftx-exchange-review-how-to-create-ftx-account/index.html]
[reviewcoinx.com/binance-reviews-how-to-create-binance-account/index.html]
[reviewcoinx.com/wp-content/plugins/wp-review/public/fonts/font-icons.eot]
[reviewcoinx.com/wp-content/plugins/wp-review/public/fonts/font-icons.woff]
[reviewcoinx.com/wp-content/plugins/wp-review/public/fonts/font-icons.ttf]
[reviewcoinx.com/wp-content/plugins/wp-review/public/fonts/font-icons.svg]
[reviewcoinx.com/wp-content/plugins/wp-review/public/css/wp-review.css]
[reviewcoinx.com/wp-content/themes/mts_crypto/style.css]
[reviewcoinx.com/wp-content/themes/mts_crypto/css/owl.video.play.png]
[reviewcoinx.com/wp-content/themes/mts_crypto/css/owl.carousel.css]
[reviewcoinx.com/wp-content/themes/mts_crypto/css/responsive.css]
[reviewcoinx.com/wp-content/themes/mts_crypto/fonts/fontawesome-webfont.eot]
[reviewcoinx.com/wp-content/themes/mts_crypto/fonts/fontawesome-webfontd41d.eot]
[reviewcoinx.com/wp-content/themes/mts_crypto/fonts/fontawesome-webfont.woff2]
[reviewcoinx.com/wp-content/themes/mts_crypto/fonts/fontawesome-webfont.woff]
[reviewcoinx.com/wp-content/themes/mts_crypto/fonts/fontawesome-webfont.ttf]
[reviewcoinx.com/wp-content/themes/mts_crypto/css/font-awesome.min.css]
[reviewcoinx.com/wp-includes/js/jquery/jquery.min.js]
[reviewcoinx.com/wp-includes/js/jquery/jquery-migrate.min.js]
[reviewcoinx.com/wp-content/plugins/wonderplugin-video-embed/engine/wonderpluginvideoembed.js]
[reviewcoinx.com/wp-content/themes/mts_crypto/fonts/fontawesome-webfont.svg]
[reviewcoinx.com/wp-content/plugins/easy-table-of-contents/vendor/icomoon/style.min.css]
[reviewcoinx.com/exchange/page/2/index.html]
[reviewcoinx.com/wp-content/plugins/easy-table-of-contents/assets/css/screen.min.css]
[reviewcoinx.com/exchange/feed/index.html]
[reviewcoinx.com/wp-json/wp/v2/categories/2.json]
[reviewcoinx.com/wp-content/plugins/easy-table-of-contents/vendor/js-cookie/js.cookie.min.js]
[reviewcoinx.com/exchange/index.html]
[reviewcoinx.com/wp-json/wp/v2/categories/53.json]
[reviewcoinx.com/exchange/binance/index.html]
[reviewcoinx.com/exchange/binance/feed/index.html]
[reviewcoinx.com/exchange/ftx/feed/index.html]
[reviewcoinx.com/wp-json/wp/v2/categories/55.json]
[reviewcoinx.com/exchange/ftx/index.html]
[reviewcoinx.com/exchange/coinex/feed/index.html]
[reviewcoinx.com/wp-json/wp/v2/categories/57.json]
[reviewcoinx.com/exchange/coinex/index.html]
[reviewcoinx.com/wp-json/wp/v2/categories/80.json]
[reviewcoinx.com/exchange/bybit/index.html]
[reviewcoinx.com/exchange/bybit/feed/index.html]
[reviewcoinx.com/wp-json/wp/v2/categories/89.json]
[reviewcoinx.com/exchange/huobi/index.html]
[reviewcoinx.com/exchange/huobi/feed/index.html]
[reviewcoinx.com/exchange/phemex/feed/index.html]
[reviewcoinx.com/wp-json/wp/v2/categories/98.json]
[reviewcoinx.com/exchange/phemex/index.html]
[reviewcoinx.com/news/feed/index.html]
[reviewcoinx.com/wp-json/wp/v2/categories/467.json]
[reviewcoinx.com/news/index.html]
[reviewcoinx.com/wp-content/themes/mts_crypto/js/ajax.js]
[reviewcoinx.com/icos/index.html]
[reviewcoinx.com/icos/index20fc.html]
[reviewcoinx.com/icos/index39e4.html]
[reviewcoinx.com/icos/index4fe8.html]
[reviewcoinx.com/icos/feed/index.html]
[reviewcoinx.com/wp-json/wp/v2/posts/3068.json]
[reviewcoinx.com/quwiex-review-scam-or-legit/feed/index.html]
[reviewcoinx.com/wp-json/oembed/1.0/embed2717.json]
[reviewcoinx.com/wp-json/oembed/1.0/embed4cab]
[reviewcoinx.com/wp-content/uploads/2022/03/avatar_user_1_1647956427-32x32.jpg]
[reviewcoinx.com/wp-content/uploads/2022/03/a19b467014da9c5b7f65f9cfa46f14e9_cropped.jpg]
[reviewcoinx.com/wp-content/uploads/2022/03/c52424a0edbfa54f53fad0b54c147f0b_cropped.jpg]
[reviewcoinx.com/wp-content/uploads/2022/03/a72e1368705ea30f879071615b74e4fc_cropped.jpg]
[reviewcoinx.com/wp-content/uploads/2022/03/26865ab12f1131a4081b6468d5aa3854_cropped.jpg]
[reviewcoinx.com/tag/create-account-quwiex/index.html]
[reviewcoinx.com/tag/quwiex/index.html]
[reviewcoinx.com/wp-content/uploads/2022/03/avatar_user_1_1647956427-150x150.jpg]
[reviewcoinx.com/tag/quwiex-review/index.html]
[reviewcoinx.com/tag/create-new-account-with-quwiex/index.html]
[reviewcoinx.com/tag/register-quwiex/index.html]
[reviewcoinx.com/tag/quwiex-sign-up/index.html]
[reviewcoinx.com/tag/register-new-account-quwiex/index.html]
[reviewcoinx.com/wp-content/uploads/2022/03/Screenshot_1-60x60.png]
[reviewcoinx.com/wp-content/uploads/2022/03/how-to-register-and-login-account-in-ascendex-1-60x60.jpg]
[reviewcoinx.com/wp-content/uploads/2022/03/gate.io-la-gi-60x60.png]
[reviewcoinx.com/wp-content/uploads/2022/03/OKX-Review-How-To-Create-OKX-Account-5-60x60.png]
[reviewcoinx.com/wp-content/uploads/2022/03/KuCoin-Exchange-Introduces-Social-Trading-Features-on-Its-Mobile-App-60x60.jpg]
[reviewcoinx.com/wp-content/uploads/2022/03/MEXC-Global-Review-60x60.jpg]
[reviewcoinx.com/wp-content/uploads/2022/03/phemex-60x60.png]
[reviewcoinx.com/wp-includes/js/comment-reply.min.js]
[reviewcoinx.com/wp-content/plugins/easy-table-of-contents/vendor/smooth-scroll/jquery.smooth-scroll.min.js]
[reviewcoinx.com/wp-content/plugins/easy-table-of-contents/vendor/sticky-kit/jquery.sticky-kit.min.js]
[reviewcoinx.com/wp-content/plugins/easy-table-of-contents/assets/js/front.min.js]
[reviewcoinx.com/quwiex-review-scam-or-legit/index.html]
[reviewcoinx.com/investment/feed/index.html]
[reviewcoinx.com/wp-json/wp/v2/categories/508.json]
[reviewcoinx.com/investment/index.html]
[reviewcoinx.com/wp-json/wp/v2/users/1.json]
[reviewcoinx.com/author/trantinhceo/index.html]
[reviewcoinx.com/vi/Tác%20Giả/trantinhceo/index.html]
[reviewcoinx.com/author/trantinhceo/page/2/index.html]
[reviewcoinx.com/author/trantinhceo/feed/index.html]
[reviewcoinx.com/how-to-create-an-account-and-register-with-ascendex/feed/index.html]
[reviewcoinx.com/wp-json/wp/v2/posts/3046.json]
[reviewcoinx.com/wp-json/oembed/1.0/embed9752.json]
[reviewcoinx.com/wp-json/oembed/1.0/embedd154]
[reviewcoinx.com/wp-content/uploads/2022/03/How-to-Create-an-Account-and-Register-with-AscendEX.png]
[reviewcoinx.com/wp-content/uploads/2022/03/How-to-Create-an-Account-and-Register-with-AscendEX-1.png]
[reviewcoinx.com/wp-content/uploads/2022/03/How-to-Create-an-Account-and-Register-with-AscendEX-2.png]
[reviewcoinx.com/wp-content/uploads/2022/03/How-to-Create-an-Account-and-Register-with-AscendEX-3.png]
[reviewcoinx.com/wp-content/uploads/2022/03/huobi-global-exchange-review-355x200.png]
[reviewcoinx.com/tag/ascendex-register/index.html]
[reviewcoinx.com/tag/create-ascendex-account/index.html]
[reviewcoinx.com/tag/register-ascendex/index.html]
[reviewcoinx.com/tag/ascendex-sign-up/index.html]
[reviewcoinx.com/tag/review-ascendex/index.html]
[reviewcoinx.com/tag/sign-up-ascendex/index.html]
[reviewcoinx.com/wp-content/uploads/2022/03/OKX-Review-How-To-Create-OKX-Account-5-355x200.png]
[reviewcoinx.com/how-to-create-an-account-and-register-with-ascendex/index.html]
[reviewcoinx.com/exchange/ascendex/index.html]
[reviewcoinx.com/wp-json/wp/v2/categories/475.json]
[reviewcoinx.com/exchange/ascendex/feed/index.html]
[reviewcoinx.com/wp-json/wp/v2/posts/3015.json]
[reviewcoinx.com/gate-io-review-how-to-create-gate-io-account/feed/index.html]
[reviewcoinx.com/wp-json/oembed/1.0/embed82da.json]
[reviewcoinx.com/wp-json/oembed/1.0/embed06fc]
[reviewcoinx.com/wp-content/uploads/2022/03/Gate.io-Review-How-To-Create-Gate.io-Account.png]
[reviewcoinx.com/wp-content/uploads/2022/03/Gate.io-Review-How-To-Create-Gate.io-Account-1.png]
[reviewcoinx.com/wp-content/uploads/2022/03/Gate.io-Review-How-To-Create-Gate.io-Account-2.png]
[reviewcoinx.com/wp-content/uploads/2022/03/Gate.io-Review-How-To-Create-Gate.io-Account-3.png]
[reviewcoinx.com/wp-content/uploads/2022/03/Gate.io-Review-How-To-Create-Gate.io-Account-4.png]
[reviewcoinx.com/wp-content/uploads/2022/03/MEXC-Global-Review-355x200.jpg]
[reviewcoinx.com/tag/gate-io-register/index.html]
[reviewcoinx.com/tag/gate-io-review/index.html]
[reviewcoinx.com/tag/gate-io-sign-up/index.html]
[reviewcoinx.com/tag/gate-io-exchange/index.html]
[reviewcoinx.com/tag/register-gate-io/index.html]
[reviewcoinx.com/tag/review-gate-io/index.html]
[reviewcoinx.com/wp-content/uploads/2022/03/san-ftx-la-gi-2-1400x701-1-355x200.jpg]
[reviewcoinx.com/gate-io-review-how-to-create-gate-io-account/index.html]
[reviewcoinx.com/tag/sign-up-gate-io/index.html]
[reviewcoinx.com/wp-json/wp/v2/categories/434.json]
[reviewcoinx.com/gate-io/index.html]
[reviewcoinx.com/gate-io/feed/index.html]
[reviewcoinx.com/okx-review-how-to-create-okx-account/feed/index.html]
[reviewcoinx.com/wp-json/wp/v2/posts/2973.json]
[reviewcoinx.com/wp-json/oembed/1.0/embeda03f.json]
[reviewcoinx.com/wp-json/oembed/1.0/embed012a]
[reviewcoinx.com/exchange/okx/index.html]
[reviewcoinx.com/wp-content/uploads/2022/03/OKX-Review-How-To-Create-OKX-Account.png]
[reviewcoinx.com/wp-content/uploads/2022/03/OKX-Review-How-To-Create-OKX-Account-1.png]
[reviewcoinx.com/wp-content/uploads/2022/03/OKX-Review-How-To-Create-OKX-Account-2.png]
[reviewcoinx.com/wp-content/uploads/2022/03/OKX-Review-How-To-Create-OKX-Account-3.png]
[reviewcoinx.com/wp-content/uploads/2022/03/OKX-Review-How-To-Create-OKX-Account-4.png]
[reviewcoinx.com/wp-content/uploads/2022/03/gate.io-la-gi-355x200.png]
[reviewcoinx.com/wp-content/uploads/2022/03/Bybit-355x200.png]
[reviewcoinx.com/okx-review-how-to-create-okx-account/index.html]
[reviewcoinx.com/tag/okx-exchange/index.html]
[reviewcoinx.com/tag/create-okx-account/index.html]
[reviewcoinx.com/tag/okx-register/index.html]
[reviewcoinx.com/tag/okx-sign-up/index.html]
[reviewcoinx.com/tag/okx-review/index.html]
[reviewcoinx.com/tag/review-okx/index.html]
[reviewcoinx.com/wp-json/wp/v2/posts/2928.json]
[reviewcoinx.com/tag/sign-up-okx/index.html]
[reviewcoinx.com/tag/register-okx/index.html]
[reviewcoinx.com/kucoin-review-how-to-create-kucoin-account/feed/index.html]
[reviewcoinx.com/wp-json/oembed/1.0/embedbbc7.json]
[reviewcoinx.com/wp-json/oembed/1.0/embed1b20]
[reviewcoinx.com/exchange/kucoin/index.html]
[reviewcoinx.com/wp-content/uploads/2022/03/KuCoin-Exchange-Introduces-Social-Trading-Features-on-Its-Mobile-App.jpg]
[reviewcoinx.com/wp-content/uploads/2022/03/Kucoin-Review-How-To-Create-Kucoin-Account.png]
[reviewcoinx.com/wp-content/uploads/2022/03/Kucoin-Review-How-To-Create-Kucoin-Account-1.png]
[reviewcoinx.com/wp-content/uploads/2022/03/Kucoin-Review-How-To-Create-Kucoin-Account-2.png]
[reviewcoinx.com/wp-content/uploads/2022/03/Kucoin-Review-How-To-Create-Kucoin-Account-3.png]
[reviewcoinx.com/tag/create-kucoin-account/index.html]
[reviewcoinx.com/tag/kucoin-exchange/index.html]
[reviewcoinx.com/wp-content/uploads/2022/03/maxresdefault-355x200.jpg]
[reviewcoinx.com/kucoin-review-how-to-create-kucoin-account/index.html]
[reviewcoinx.com/tag/kucoin-register/index.html]
[reviewcoinx.com/tag/sign-up-kucoin/index.html]
[reviewcoinx.com/tag/register-kucoin/index.html]
[reviewcoinx.com/tag/kucoin-sign-up/index.html]
[reviewcoinx.com/mexc-review-how-to-create-mexc-account/feed/index.html]
[reviewcoinx.com/wp-json/wp/v2/posts/2893.json]
[reviewcoinx.com/wp-json/oembed/1.0/embede6be.json]
[reviewcoinx.com/wp-json/oembed/1.0/embed011d]
[reviewcoinx.com/wp-content/uploads/2022/03/MEXC-Global-Review.jpg]
[reviewcoinx.com/wp-content/uploads/2022/03/MEXC.png]
[reviewcoinx.com/wp-content/uploads/2022/03/Mexc-Review-How-To-Create-Mexc-Account-2022.png]
[reviewcoinx.com/wp-content/uploads/2022/03/Mexc-Review-How-To-Create-Mexc-Account-2022-1.png]
[reviewcoinx.com/wp-content/uploads/2022/03/Mexc-Review-How-To-Create-Mexc-Account-2022-2.png]
[reviewcoinx.com/wp-content/uploads/2022/03/Mexc-Review-How-To-Create-Mexc-Account-2022-3.png]
[reviewcoinx.com/wp-content/uploads/2022/03/Mexc-Review-How-To-Create-Mexc-Account-2022-4.png]
[reviewcoinx.com/wp-content/uploads/2022/03/Mexc-Review-How-To-Create-Mexc-Account-2022-5.png]
[reviewcoinx.com/wp-content/uploads/2022/03/Mexc-Review-How-To-Create-Mexc-Account-2022-6.png]
[reviewcoinx.com/tag/create-mexc-account/index.html]
[reviewcoinx.com/tag/mexc-exchange/index.html]
[reviewcoinx.com/tag/mexc-review/index.html]
[reviewcoinx.com/wp-content/uploads/2022/03/The-Binance-Review-355x200.png]
[reviewcoinx.com/tag/mexc-sign-up/index.html]
[reviewcoinx.com/tag/review-mexc/index.html]
[reviewcoinx.com/tag/register-mexc/index.html]
[reviewcoinx.com/wp-content/uploads/2022/03/how-to-register-and-login-account-in-ascendex-1-355x200.jpg]
[reviewcoinx.com/mexc-review-how-to-create-mexc-account/index.html]
[reviewcoinx.com/tag/sign-up-mexc/index.html]
[reviewcoinx.com/wp-json/wp/v2/posts/2860.json]
[reviewcoinx.com/phemex-review-how-to-create-phemex-account/feed/index.html]
[reviewcoinx.com/wp-json/oembed/1.0/embedbf46.json]
[reviewcoinx.com/wp-json/oembed/1.0/embedd077]
[reviewcoinx.com/wp-content/uploads/2022/03/phemex.png]
[reviewcoinx.com/wp-content/uploads/2022/03/Phemex-Review-How-To-Create-phemex-Account.png]
[reviewcoinx.com/wp-content/uploads/2022/03/Phemex-Review-How-To-Create-phemex-Account-1.png]
[reviewcoinx.com/phemex-review-how-to-create-phemex-account/index.html]
[reviewcoinx.com/tag/create-phemex-account/index.html]
[reviewcoinx.com/tag/phemex-exchange/index.html]
[reviewcoinx.com/tag/phemex-register/index.html]
[reviewcoinx.com/tag/phemex-review/index.html]
[reviewcoinx.com/tag/phemex-sign-up/index.html]
[reviewcoinx.com/tag/review-phemex/index.html]
[reviewcoinx.com/tag/sign-up-phemex/index.html]
[reviewcoinx.com/tag/register-phemex/index.html]
[reviewcoinx.com/huobi-review-how-to-create-huobi-account/feed/index.html]
[reviewcoinx.com/wp-json/wp/v2/posts/2829.json]
[reviewcoinx.com/wp-json/oembed/1.0/embedc46a.json]
[reviewcoinx.com/wp-json/oembed/1.0/embeda469]
[reviewcoinx.com/wp-content/uploads/2022/03/huobi-global-exchange-review-740x492.png]
[reviewcoinx.com/wp-content/uploads/2022/03/Huobi-Review-How-To-Create-Huobi-Account-2022.png]
[reviewcoinx.com/wp-content/uploads/2022/03/how-to-open-a-trading-account-and-register-at-huobi.png]
[reviewcoinx.com/wp-content/uploads/2022/03/how-to-open-a-trading-account-and-register-at-huobi-1.png]
[reviewcoinx.com/wp-content/uploads/2022/03/how-to-open-a-trading-account-and-register-at-huobi-2.png]
[reviewcoinx.com/tag/create-huobi-account/index.html]
[reviewcoinx.com/tag/huobi-exchange/index.html]
[reviewcoinx.com/wp-content/uploads/2022/03/KuCoin-Exchange-Introduces-Social-Trading-Features-on-Its-Mobile-App-355x200.jpg]
[reviewcoinx.com/huobi-review-how-to-create-huobi-account/index.html]
[reviewcoinx.com/tag/review-huobi/index.html]
[reviewcoinx.com/tag/huobi-register/index.html]
[reviewcoinx.com/tag/huobi-sign-up/index.html]
[reviewcoinx.com/tag/register-huobi/index.html]
[reviewcoinx.com/tag/sign-up-huobi/index.html]
[reviewcoinx.com/wp-json/wp/v2/posts/2791.json]
[reviewcoinx.com/bybit-review-how-to-create-bybit-account/feed/index.html]
[reviewcoinx.com/wp-json/oembed/1.0/embed7a9f.json]
[reviewcoinx.com/wp-json/oembed/1.0/embeded59]
[reviewcoinx.com/wp-content/uploads/2022/03/Bybit-740x492.png]
[reviewcoinx.com/wp-content/uploads/2022/03/Bybit-Review-Bybit-Exchange-Interface.webp]
[reviewcoinx.com/wp-content/uploads/2022/03/how-to-register-and-verify-account-in-bybit.png]
[reviewcoinx.com/wp-content/uploads/2022/03/how-to-register-and-verify-account-in-bybit-.png]
[reviewcoinx.com/wp-content/uploads/2022/03/how-to-register-and-verify-account-in-bybit-1.png]
[reviewcoinx.com/wp-content/uploads/2022/03/how-to-register-and-verify-account-in-bybit-2.png]
[reviewcoinx.com/wp-content/uploads/2022/03/how-to-register-and-verify-account-in-bybit-3.png]
[reviewcoinx.com/wp-content/uploads/2022/03/how-to-register-and-verify-account-in-bybit-4.png]
[reviewcoinx.com/wp-content/uploads/2022/03/how-to-register-and-verify-account-in-bybit-5.png]
[reviewcoinx.com/wp-content/uploads/2022/03/how-to-register-and-verify-account-in-bybit-6.png]
[reviewcoinx.com/wp-content/uploads/2022/03/how-to-register-and-verify-account-in-bybit-7.png]
[reviewcoinx.com/wp-content/uploads/2022/03/how-to-register-and-verify-account-in-bybit-8.png]
[reviewcoinx.com/wp-content/uploads/2022/03/how-to-register-and-verify-account-in-bybit-9.png]
[reviewcoinx.com/tag/bybit-exchange/index.html]
[reviewcoinx.com/wp-content/uploads/2022/03/phemex-355x200.png]
[reviewcoinx.com/bybit-review-how-to-create-bybit-account/index.html]
[reviewcoinx.com/tag/register-bybit/index.html]
[reviewcoinx.com/tag/review-bybit/index.html]
[reviewcoinx.com/tag/create-bybit-account/index.html]
[reviewcoinx.com/tag/bybit-review/index.html]
[reviewcoinx.com/tag/ascendex-review/feed/index.html]
[reviewcoinx.com/wp-json/wp/v2/tags/487.json]
[reviewcoinx.com/tag/ascendex-review/index.html]
[reviewcoinx.com/tag/sign-up-bybit/index.html]
[reviewcoinx.com/tag/binance-review/index.html]
[reviewcoinx.com/wp-json/wp/v2/tags/188.json]
[reviewcoinx.com/tag/binance-review/feed/index.html]
[reviewcoinx.com/tag/bybit-register/index.html]
[reviewcoinx.com/wp-json/wp/v2/tags/210.json]
[reviewcoinx.com/tag/bybit-register/feed/index.html]
[reviewcoinx.com/tag/bybit-sign-up/feed/index.html]
[reviewcoinx.com/wp-json/wp/v2/tags/208.json]
[reviewcoinx.com/tag/bybit-sign-up/index.html]
[reviewcoinx.com/tag/coinex-exchange/feed/index.html]
[reviewcoinx.com/wp-json/wp/v2/tags/67.json]
[reviewcoinx.com/tag/coinex-exchange/index.html]
[reviewcoinx.com/tag/coinex-register/index.html]
[reviewcoinx.com/wp-json/wp/v2/tags/168.json]
[reviewcoinx.com/tag/coinex-register/feed/index.html]
[reviewcoinx.com/tag/coinex-sign-up/feed/index.html]
[reviewcoinx.com/wp-json/wp/v2/tags/166.json]
[reviewcoinx.com/tag/coinex-sign-up/index.html]
[reviewcoinx.com/wp-json/wp/v2/tags/440.json]
[reviewcoinx.com/tag/create-gate-io-account/index.html]
[reviewcoinx.com/tag/create-gate-io-account/feed/index.html]
[reviewcoinx.com/tag/huobi-review/feed/index.html]
[reviewcoinx.com/wp-json/wp/v2/tags/230.json]
[reviewcoinx.com/tag/huobi-review/index.html]
[reviewcoinx.com/tag/kucoin-review/index.html]
[reviewcoinx.com/wp-json/wp/v2/tags/272.json]
[reviewcoinx.com/tag/kucoin-review/feed/index.html]
[reviewcoinx.com/tag/mexc-register/feed/index.html]
[reviewcoinx.com/wp-json/wp/v2/tags/252.json]
[reviewcoinx.com/tag/mexc-register/index.html]
[reviewcoinx.com/wp-json/wp/v2/tags/274.json]
[reviewcoinx.com/tag/review-kucoin/index.html]
[reviewcoinx.com/wp-content/plugins/wp-tab-widget/css/wp-tab-widget.css]
[connect.facebook.net/en_US/all.js]
[reviewcoinx.com/tag/review-kucoin/feed/index.html]
[apis.google.com/js/plusone.js]
[platform.twitter.com/widgets.js]
[assets.pinterest.com/js/pinit.js]
[reviewcoinx.com/wp-content/themes/mts_crypto/js/customscript.js]
[reviewcoinx.com/wp-content/themes/mts_crypto/js/owl.carousel.min.js]
[reviewcoinx.com/wp-content/plugins/wp-review/public/js/js.cookie.min.js]
[reviewcoinx.com/wp-includes/js/underscore.min.js]
[reviewcoinx.com/wp-includes/js/wp-util.min.js]
[reviewcoinx.com/wp-content/plugins/wp-review/public/js/main.js]
[reviewcoinx.com/wp-content/plugins/wp-tab-widget/js/wp-tab-widget.js]
[platform-src.linkedin.com/in.js]
[reviewcoinx.com/wp-content/uploads/2022/03/The-Binance-Review-1-374x264.png]
[reviewcoinx.com/vi/Trang/2/index.html]
[reviewcoinx.com/vi/comments/feed/index.html]
[reviewcoinx.com/vi/category/san-giao-dich/index.html]
[reviewcoinx.com/vi/san-ftx-la-gi-huong-dan-dang-ky-tai-khoan-san-ftx/index.html]
[reviewcoinx.com/vi/binance-la-gi-huong-dan-dang-ky-tai-khoan-san-binance/index.html]
[reviewcoinx.com/wp-json/wp/v2/categories/59.json]
[reviewcoinx.com/vi/san-giao-dich/binance/feed/index.html]
[reviewcoinx.com/vi/san-giao-dich/binance/index.html]
[reviewcoinx.com/wp-json/wp/v2/categories/63.json]
[reviewcoinx.com/vi/san-giao-dich/ftx/feed/index.html]
[reviewcoinx.com/vi/san-giao-dich/ftx/index.html]
[reviewcoinx.com/vi/san-giao-dich/coinex/feed/index.html]
[reviewcoinx.com/wp-json/wp/v2/categories/61.json]
[reviewcoinx.com/vi/san-giao-dich/coinex/index.html]
[reviewcoinx.com/vi/san-giao-dich/bybit/feed/index.html]
[reviewcoinx.com/wp-json/wp/v2/categories/84.json]
[reviewcoinx.com/vi/san-giao-dich/bybit/index.html]
[reviewcoinx.com/vi/san-giao-dich/huobi/feed/index.html]
[reviewcoinx.com/wp-json/wp/v2/categories/93.json]
[reviewcoinx.com/vi/san-giao-dich/huobi/index.html]
[reviewcoinx.com/wp-json/wp/v2/categories/102.json]
[reviewcoinx.com/vi/san-giao-dich/phemex/index.html]
[reviewcoinx.com/vi/san-giao-dich/phemex/feed/index.html]
[reviewcoinx.com/wp-json/wp/v2/categories/469.json]
[reviewcoinx.com/vi/tin-tuc/feed/index.html]
[reviewcoinx.com/vi/tin-tuc/index.html]
[reviewcoinx.com/wp-json/wp/v2/posts/3055.json]
[reviewcoinx.com/vi/san-ascendex-la-gi-huong-dan-dang-ky-san-ascendex/feed/index.html]
[reviewcoinx.com/wp-json/oembed/1.0/embedea18.json]
[reviewcoinx.com/wp-json/oembed/1.0/embeda693]
[reviewcoinx.com/wp-content/uploads/2022/03/Huong-dan-dang-ky-tai-khoan-san-AscendEX.png]
[reviewcoinx.com/wp-content/uploads/2022/03/Huong-dan-dang-ky-tai-khoan-san-AscendEX-1.png]
[reviewcoinx.com/wp-content/uploads/2022/03/Huong-dan-dang-ky-tai-khoan-san-AscendEX-2.png]
[reviewcoinx.com/wp-content/uploads/2022/03/Huong-dan-dang-ky-tai-khoan-san-AscendEX-3.png]
[reviewcoinx.com/wp-content/uploads/2022/03/Huong-dan-dang-ky-tai-khoan-san-AscendEX-4.png]
[reviewcoinx.com/wp-content/uploads/2022/03/how-to-register-and-login-account-in-ascendex-60x60.jpg]
[reviewcoinx.com/vi/tag/dang-ky-tai-khoan-ascendex/index.html]
[reviewcoinx.com/vi/tag/tai-khoan-ascendex/index.html]
[reviewcoinx.com/vi/tag/san-giao-dich-ascendex/index.html]
[reviewcoinx.com/wp-content/uploads/2022/03/huobi-global-exchange-review-60x60.png]
[reviewcoinx.com/vi/san-ascendex-la-gi-huong-dan-dang-ky-san-ascendex/index.html]
[reviewcoinx.com/vi/tag/dang-ky-tai-khoan-san-ascendex/index.html]
[reviewcoinx.com/vi/tag/tao-tai-khoan-ascendex/index.html]
[reviewcoinx.com/vi/tag/tao-tai-khoan-san-ascendex/index.html]
[reviewcoinx.com/vi/san-giao-dich/ascendex/feed/index.html]
[reviewcoinx.com/wp-json/wp/v2/categories/491.json]
[reviewcoinx.com/vi/san-giao-dich/ascendex/index.html]
[reviewcoinx.com/vi/san-giao-dich/Trang/2/index.html]
[reviewcoinx.com/vi/san-giao-dich/feed/index.html]
[reviewcoinx.com/wp-json/wp/v2/categories/50.json]
[reviewcoinx.com/vi/san-giao-dich/index.html]
[reviewcoinx.com/vi/Tác Giả/trantinhceo/index.html]
[reviewcoinx.com/wp-json/wp/v2/posts/3021.json]
[reviewcoinx.com/vi/gate-io-la-gi-huong-dan-dang-ky-tai-khoan-san-gate-io/feed/index.html]
[reviewcoinx.com/wp-json/oembed/1.0/embed5d77.json]
[reviewcoinx.com/wp-json/oembed/1.0/embed0fd2]
[reviewcoinx.com/wp-content/uploads/2022/03/gate.io-la-gi-1.png]
[reviewcoinx.com/wp-content/uploads/2022/03/dang-ky-san-gate.io_.png]
[reviewcoinx.com/wp-content/uploads/2022/03/dang-ky-san-gate.io_-1.png]
[reviewcoinx.com/wp-content/uploads/2022/03/dang-ky-san-gate.io_-3.png]
[reviewcoinx.com/wp-content/uploads/2022/03/dang-ky-san-gate.io_-4.png]
[reviewcoinx.com/wp-content/uploads/2022/03/dang-ky-san-gate.io_-5.png]
[reviewcoinx.com/wp-content/uploads/2022/03/dang-ky-san-gate.io_-6.png]
[reviewcoinx.com/wp-content/uploads/2022/03/gate.io-la-gi-3.png]
[reviewcoinx.com/vi/tag/dang-ky-tai-khoan-san-gate-io/index.html]
[reviewcoinx.com/vi/tag/san-gate-io/index.html]
[reviewcoinx.com/vi/tag/san-giao-dich-gate-io/index.html]
[reviewcoinx.com/wp-content/uploads/2022/03/how-to-register-and-login-account-in-ascendex-355x200.jpg]
[reviewcoinx.com/vi/gate-io-la-gi-huong-dan-dang-ky-tai-khoan-san-gate-io/index.html]
[reviewcoinx.com/vi/tag/tao-tai-khoan-san-gate-io/index.html]
[reviewcoinx.com/vi/tag/tai-khoan-gate-io/index.html]
[reviewcoinx.com/vi/san-giao-dich/gate-io/feed/index.html]
[reviewcoinx.com/wp-json/wp/v2/categories/416.json]
[reviewcoinx.com/vi/san-giao-dich/gate-io/index.html]
[reviewcoinx.com/wp-json/wp/v2/posts/2984.json]
[reviewcoinx.com/vi/san-okx-la-gi-huong-dan-dang-ky-tai-khoan-san-okx/feed/index.html]
[reviewcoinx.com/wp-json/oembed/1.0/embed08ff.json]
[reviewcoinx.com/wp-json/oembed/1.0/embed3b9d]
[reviewcoinx.com/wp-content/uploads/2022/03/San-OKX-la-gi-Huong-Dan-Dang-Ky-Tai-Khoan-San-OKX.png]
[reviewcoinx.com/wp-content/uploads/2022/03/San-OKX-la-gi-Huong-Dan-Dang-Ky-Tai-Khoan-San-OKX-1.png]
[reviewcoinx.com/wp-content/uploads/2022/03/San-OKX-la-gi-Huong-Dan-Dang-Ky-Tai-Khoan-San-OKX-2.png]
[reviewcoinx.com/wp-content/uploads/2022/03/San-OKX-la-gi-Huong-Dan-Dang-Ky-Tai-Khoan-San-OKX-3.png]
[reviewcoinx.com/wp-content/uploads/2022/03/San-OKX-la-gi-Huong-Dan-Dang-Ky-Tai-Khoan-San-OKX-4.png]
[reviewcoinx.com/wp-content/uploads/2022/03/dang-ky-okx-1.jpg]
[reviewcoinx.com/wp-content/uploads/2022/03/dang-ky-okx-2.jpg]
[reviewcoinx.com/wp-content/uploads/2022/03/dang-ky-okx-3.jpg]
[reviewcoinx.com/wp-content/uploads/2022/03/dang-ky-okx-4.jpg]
[reviewcoinx.com/wp-content/uploads/2022/03/dang-ky-okx-5.jpg]
[reviewcoinx.com/wp-content/uploads/2022/03/dang-ky-okx-6.jpg]
[reviewcoinx.com/wp-content/uploads/2022/03/okx-2-300x258.png]
[reviewcoinx.com/wp-content/uploads/2022/03/okx-3.png]
[reviewcoinx.com/vi/san-okx-la-gi-huong-dan-dang-ky-tai-khoan-san-okx/index.html]
[reviewcoinx.com/vi/tag/dang-ky-tai-khoan-san-okx/index.html]
[reviewcoinx.com/vi/tag/san-giao-dich-okx/index.html]
[reviewcoinx.com/wp-json/wp/v2/categories/125.json]
[reviewcoinx.com/vi/tag/tao-tai-khoan-okx/index.html]
[reviewcoinx.com/vi/tag/san-okx/index.html]
[reviewcoinx.com/vi/tag/tai-khoan-okx/index.html]
[reviewcoinx.com/vi/san-giao-dich/okx/index.html]
[reviewcoinx.com/vi/tag/tao-tai-khoan-san-okx/index.html]
[reviewcoinx.com/vi/san-giao-dich/okx/feed/index.html]
[reviewcoinx.com/vi/san-kucoin-la-gi-huong-dan-dang-ky-tai-khoan-san-kucoin/feed/index.html]
[reviewcoinx.com/wp-json/wp/v2/posts/2937.json]
[reviewcoinx.com/wp-json/oembed/1.0/embed9f1e.json]
[reviewcoinx.com/wp-json/oembed/1.0/embed55c2]
[reviewcoinx.com/vi/san-giao-dich/kucoin/index.html]
[reviewcoinx.com/wp-content/uploads/2022/03/San-Kucoin-la-gi-Huong-Dan-Dang-Ky-Tai-Khoan-San-Kucoin-2022.png]
[reviewcoinx.com/wp-content/uploads/2022/03/San-Kucoin-la-gi-Huong-Dan-Dang-Ky-Tai-Khoan-San-Kucoin-2022-1.png]
[reviewcoinx.com/wp-content/uploads/2022/03/San-Kucoin-la-gi-Huong-Dan-Dang-Ky-Tai-Khoan-San-Kucoin-2022-2.png]
[reviewcoinx.com/wp-content/uploads/2022/03/San-Kucoin-la-gi-Huong-Dan-Dang-Ky-Tai-Khoan-San-Kucoin-2022-3.png]
[reviewcoinx.com/wp-content/uploads/2022/03/San-Kucoin-la-gi-Huong-Dan-Dang-Ky-Tai-Khoan-San-Kucoin-2022-4.png]
[reviewcoinx.com/wp-content/uploads/2022/03/San-Kucoin-la-gi-Huong-Dan-Dang-Ky-Tai-Khoan-San-Kucoin-2022-5.png]
[reviewcoinx.com/wp-content/uploads/2022/03/San-Kucoin-la-gi-Huong-Dan-Dang-Ky-Tai-Khoan-San-Kucoin-2022-6.png]
[reviewcoinx.com/wp-content/uploads/2022/03/San-Kucoin-la-gi-Huong-Dan-Dang-Ky-Tai-Khoan-San-Kucoin-2022-7.png]
[reviewcoinx.com/wp-content/uploads/2022/03/San-Kucoin-la-gi-Huong-Dan-Dang-Ky-Tai-Khoan-San-Kucoin-2022-8.png]
[reviewcoinx.com/wp-content/uploads/2022/03/San-Kucoin-la-gi-Huong-Dan-Dang-Ky-Tai-Khoan-San-Kucoin-2022-9.png]
[reviewcoinx.com/wp-content/uploads/2022/03/San-Kucoin-la-gi-Huong-Dan-Dang-Ky-Tai-Khoan-San-Kucoin-2022-10.png]
[reviewcoinx.com/wp-content/uploads/2022/03/San-Kucoin-la-gi-Huong-Dan-Dang-Ky-Tai-Khoan-San-Kucoin-2022-11.png]
[reviewcoinx.com/wp-content/uploads/2022/03/San-Kucoin-la-gi-Huong-Dan-Dang-Ky-Tai-Khoan-San-Kucoin-2022-12.png]
[reviewcoinx.com/wp-content/uploads/2022/03/San-Kucoin-la-gi-Huong-Dan-Dang-Ky-Tai-Khoan-San-Kucoin-2022-13.png]
[reviewcoinx.com/wp-content/uploads/2022/03/San-Kucoin-la-gi-Huong-Dan-Dang-Ky-Tai-Khoan-San-Kucoin-2022-14.png]
[reviewcoinx.com/vi/san-kucoin-la-gi-huong-dan-dang-ky-tai-khoan-san-kucoin/index.html]
[reviewcoinx.com/vi/tag/dang-ky-tai-khoan-kucoin/index.html]
[reviewcoinx.com/vi/tag/san-giao-dich-kucoin/index.html]
[reviewcoinx.com/vi/tag/san-kucoin/index.html]
[reviewcoinx.com/vi/tag/tai-khoan-kucoin/index.html]
[reviewcoinx.com/vi/tag/tao-tai-khoan-kucoin/index.html]
[reviewcoinx.com/vi/tag/dang-ky-tai-khoan-san-kucoin/index.html]
[reviewcoinx.com/wp-json/wp/v2/posts/2912.json]
[reviewcoinx.com/vi/san-mexc-la-gi-huong-dan-dang-ky-tai-khoan-san-mexc/feed/index.html]
[reviewcoinx.com/vi/tag/tao-tai-khoan-san-kucoin/index.html]
[reviewcoinx.com/wp-json/oembed/1.0/embedc3af.json]
[reviewcoinx.com/wp-json/oembed/1.0/embed174c]
[reviewcoinx.com/vi/san-giao-dich/mexc/index.html]
[reviewcoinx.com/wp-content/uploads/2022/03/San-Mexc-la-gi-Huong-Dan-Dang-Ky-Tai-Khoan-San-Mexc-2022.png]
[reviewcoinx.com/wp-content/uploads/2022/03/San-Mexc-la-gi-Huong-Dan-Dang-Ky-Tai-Khoan-San-Mexc-2022-1.png]
[reviewcoinx.com/wp-content/uploads/2022/03/San-Mexc-la-gi-Huong-Dan-Dang-Ky-Tai-Khoan-San-Mexc-2022-2.png]
[reviewcoinx.com/wp-content/uploads/2022/03/San-Mexc-la-gi-Huong-Dan-Dang-Ky-Tai-Khoan-San-Mexc-2022-3.png]
[reviewcoinx.com/wp-content/uploads/2022/03/San-Mexc-la-gi-Huong-Dan-Dang-Ky-Tai-Khoan-San-Mexc-2022-4.png]
[reviewcoinx.com/wp-content/uploads/2022/03/San-Mexc-la-gi-Huong-Dan-Dang-Ky-Tai-Khoan-San-Mexc-2022-5.png]
[reviewcoinx.com/wp-content/uploads/2022/03/San-Mexc-la-gi-Huong-Dan-Dang-Ky-Tai-Khoan-San-mexc.png]
[reviewcoinx.com/wp-content/uploads/2022/03/San-Mexc-la-gi-Huong-Dan-Dang-Ky-Tai-Khoan-San-mexc-1.png]
[reviewcoinx.com/wp-content/uploads/2022/03/MEXC-Global-Review.png]
[reviewcoinx.com/wp-content/uploads/2022/03/MEXC-Global-Review-1.png]
[reviewcoinx.com/vi/san-mexc-la-gi-huong-dan-dang-ky-tai-khoan-san-mexc/index.html]
[reviewcoinx.com/vi/tag/dang-ky-tai-khoan-mexc/index.html]
[reviewcoinx.com/vi/tag/dang-ky-tai-khoan-san-mexc/index.html]
[reviewcoinx.com/vi/tag/san-giao-dich-mexc/index.html]
[reviewcoinx.com/vi/tag/san-mexc/index.html]
[reviewcoinx.com/vi/tag/tao-tai-khoan-mexc/index.html]
[reviewcoinx.com/vi/tag/tai-khoan-mexc/index.html]
[reviewcoinx.com/wp-json/wp/v2/posts/2872.json]
[reviewcoinx.com/vi/san-phemex-la-gi-huong-dan-dang-ky-tai-khoan-san-phemex/feed/index.html]
[reviewcoinx.com/wp-json/oembed/1.0/embeda3ef.json]
[reviewcoinx.com/wp-json/oembed/1.0/embedbd31]
[reviewcoinx.com/wp-content/uploads/2022/03/phemex-1.png]
[reviewcoinx.com/wp-content/uploads/2022/03/Phemex-Review-How-To-Create-phemex-Account-2.png]
[reviewcoinx.com/vi/tag/dang-ky-tai-khoan-phemex/index.html]
[reviewcoinx.com/wp-content/uploads/2022/03/The-Binance-Review-1-355x200.png]
[reviewcoinx.com/vi/san-phemex-la-gi-huong-dan-dang-ky-tai-khoan-san-phemex/index.html]
[reviewcoinx.com/vi/tag/dang-ky-tai-khoan-san-phemex/index.html]
[reviewcoinx.com/vi/tag/san-phemex/index.html]
[reviewcoinx.com/vi/tag/tao-tai-khoan-phemex/index.html]
[reviewcoinx.com/vi/tag/tao-tai-khoan-san-phemex/index.html]
[reviewcoinx.com/wp-json/wp/v2/posts/2841.json]
[reviewcoinx.com/vi/san-huobi-la-gi-huong-dan-dang-ky-tai-khoan-san-huobi/feed/index.html]
[reviewcoinx.com/wp-json/oembed/1.0/embedf46c.json]
[reviewcoinx.com/wp-json/oembed/1.0/embed41a1]
[reviewcoinx.com/wp-content/uploads/2022/03/San-Huobi-la-gi-Huong-Dan-Dang-Ky-Tai-Khoan-San-Huobi.png]
[reviewcoinx.com/wp-content/uploads/2022/03/San-Huobi-la-gi-Huong-Dan-Dang-Ky-Tai-Khoan-San-Huobi-1.png]
[reviewcoinx.com/wp-content/uploads/2022/03/San-Huobi-la-gi-Huong-Dan-Dang-Ky-Tai-Khoan-San-Huobi-2.png]
[reviewcoinx.com/wp-content/uploads/2022/03/San-Huobi-la-gi-Huong-Dan-Dang-Ky-Tai-Khoan-San-Huobi-3.png]
[reviewcoinx.com/wp-content/uploads/2022/03/San-Huobi-la-gi-Huong-Dan-Dang-Ky-Tai-Khoan-San-Huobi-4.png]
[reviewcoinx.com/wp-content/uploads/2022/03/San-Huobi-la-gi-Huong-Dan-Dang-Ky-Tai-Khoan-San-Huobi-5.png]
[reviewcoinx.com/wp-content/uploads/2022/03/San-Huobi-la-gi-Huong-Dan-Dang-Ky-Tai-Khoan-San-Huobi-6.png]
[reviewcoinx.com/wp-content/uploads/2022/03/San-Huobi-la-gi-Huong-Dan-Dang-Ky-Tai-Khoan-San-Huobi-7.png]
[reviewcoinx.com/wp-content/uploads/2022/03/San-Huobi-la-gi-Huong-Dan-Dang-Ky-Tai-Khoan-San-Huobi-8.png]
[reviewcoinx.com/wp-content/uploads/2022/03/San-Huobi-la-gi-Huong-Dan-Dang-Ky-Tai-Khoan-San-Huobi-9.png]
[reviewcoinx.com/wp-content/uploads/2022/03/San-Huobi-la-gi-Huong-Dan-Dang-Ky-Tai-Khoan-San-Huobi-10.png]
[reviewcoinx.com/wp-content/uploads/2022/03/San-Huobi-la-gi-Huong-Dan-Dang-Ky-Tai-Khoan-San-Huobi-11.png]
[reviewcoinx.com/wp-content/uploads/2022/03/San-Huobi-la-gi-Huong-Dan-Dang-Ky-Tai-Khoan-San-Huobi-12.png]
[reviewcoinx.com/vi/san-huobi-la-gi-huong-dan-dang-ky-tai-khoan-san-huobi/index.html]
[reviewcoinx.com/vi/tag/dang-ky-tai-khoan-san-huobi/index.html]
[reviewcoinx.com/vi/tag/san-giao-dich-huobi/index.html]
[reviewcoinx.com/vi/tag/dang-ky-tai-khoan-huobi/index.html]
[reviewcoinx.com/vi/tag/san-huobi/index.html]
[reviewcoinx.com/vi/tag/tao-tai-khoan-huobi/index.html]
[reviewcoinx.com/wp-json/wp/v2/posts/2817.json]
[reviewcoinx.com/vi/tag/tao-tai-khoan-san-huobi/index.html]
[reviewcoinx.com/vi/tag/tai-khoan-huobi/index.html]
[reviewcoinx.com/vi/san-bybit-la-gi-huong-dan-dang-ky-san-bybit/feed/index.html]
[reviewcoinx.com/wp-json/oembed/1.0/embedda41.json]
[reviewcoinx.com/wp-json/oembed/1.0/embed6cd3]
[reviewcoinx.com/wp-content/uploads/2022/03/bybit-la-gi.jpg]
[reviewcoinx.com/wp-content/uploads/2022/03/Dang-ky-bybit.png]
[reviewcoinx.com/wp-content/uploads/2022/03/Dang-ky-bybit-1.png]
[reviewcoinx.com/wp-content/uploads/2022/03/Dang-ky-bybit-2.png]
[reviewcoinx.com/wp-content/uploads/2022/03/Dang-ky-bybit-3.png]
[reviewcoinx.com/wp-content/uploads/2022/03/Bybit-2.png]
[reviewcoinx.com/vi/san-bybit-la-gi-huong-dan-dang-ky-san-bybit/index.html]
[reviewcoinx.com/vi/tag/tai-khoan-bybit/index.html]
[reviewcoinx.com/vi/tag/dang-ky-tai-khoan-bybit/index.html]
[reviewcoinx.com/vi/tag/san-giao-dich-bybit/index.html]
[reviewcoinx.com/vi/tag/san-bybit/index.html]
[reviewcoinx.com/vi/tag/tao-tai-khoan-bybit/index.html]
[reviewcoinx.com/wp-json/wp/v2/posts/2746.json]
[reviewcoinx.com/vi/san-coinex-la-gi-huong-dan-dang-ky-tai-khoan-san-coinex/feed/index.html]
[reviewcoinx.com/wp-json/oembed/1.0/embed2c68.json]
[reviewcoinx.com/wp-json/oembed/1.0/embed8635]
[reviewcoinx.com/wp-content/uploads/2022/03/maxresdefault-740x492.jpg]
[reviewcoinx.com/wp-content/uploads/2022/03/Giao-dien-trang-chu.png]
[reviewcoinx.com/wp-content/uploads/2022/03/Dang-ky-coinex.png]
[reviewcoinx.com/wp-content/uploads/2022/03/Xac-Nhan-Tai-Khoan.png]
[reviewcoinx.com/wp-content/uploads/2022/03/coinex-4-1629286053253.png]
[reviewcoinx.com/wp-content/uploads/2022/03/coinex-5.png]
[reviewcoinx.com/wp-content/uploads/2022/03/coinex-6--1024x503.png]
[reviewcoinx.com/wp-content/uploads/2022/03/coinex-7-935x1024.png]
[reviewcoinx.com/wp-content/uploads/2022/03/coinex-8.png]
[reviewcoinx.com/wp-content/uploads/2022/03/coinex-9.png]
[reviewcoinx.com/vi/san-coinex-la-gi-huong-dan-dang-ky-tai-khoan-san-coinex/index.html]
[reviewcoinx.com/vi/tag/dang-ky-tai-khoan-coinex/index.html]
[reviewcoinx.com/vi/tag/dang-ky-tai-khoan-san-coinex/index.html]
[reviewcoinx.com/vi/tag/san-giao-dich-coinex/index.html]
[reviewcoinx.com/vi/tag/san-coinex/index.html]
[reviewcoinx.com/vi/tag/tai-khoan-coinex/index.html]
[reviewcoinx.com/vi/tag/tao-tai-khoan-coinex/index.html]
[reviewcoinx.com/vi/tag/san-ascendex/feed/index.html]
[reviewcoinx.com/wp-json/wp/v2/tags/502.json]
[reviewcoinx.com/vi/tag/san-ascendex/index.html]
[reviewcoinx.com/vi/tag/san-giao-dich-phemex/feed/index.html]
[reviewcoinx.com/wp-json/wp/v2/tags/376.json]
[reviewcoinx.com/vi/tag/san-giao-dich-phemex/index.html]
[reviewcoinx.com/vi/tag/tai-khoan-phemex/feed/index.html]
[reviewcoinx.com/wp-json/wp/v2/tags/374.json]
[reviewcoinx.com/vi/tag/tai-khoan-phemex/index.html]
[reviewcoinx.com/wp-json/wp/v2/tags/312.json]
[reviewcoinx.com/vi/tag/tao-tai-khoan-ftx/feed/index.html]
[reviewcoinx.com/vi/tag/tao-tai-khoan-ftx/index.html]
[reviewcoinx.com/vi/tag/tao-tai-khoan-gate-io/feed/index.html]
[reviewcoinx.com/wp-json/wp/v2/tags/455.json]
[reviewcoinx.com/vi/tag/tao-tai-khoan-gate-io/index.html]
[reviewcoinx.com/wp-json/wp/v2/tags/354.json]
[reviewcoinx.com/vi/tag/tao-tai-khoan-san-bybit/feed/index.html]
[reviewcoinx.com/vi/tag/tao-tai-khoan-san-bybit/index.html]
[reviewcoinx.com/wp-json/wp/v2/tags/332.json]
[reviewcoinx.com/vi/tag/tao-tai-khoan-san-coinex/feed/index.html]
[reviewcoinx.com/vi/tag/tao-tai-khoan-san-coinex/index.html]
[reviewcoinx.com/vi/tag/tao-tai-khoan-san-mexc/feed/index.html]
[reviewcoinx.com/wp-json/wp/v2/tags/396.json]
[reviewcoinx.com/vi/tag/tao-tai-khoan-san-mexc/index.html]
[reviewcoinx.com/vi/tag/dang-ky-tai-khoan-san-bybit/feed/index.html]
[reviewcoinx.com/wp-json/wp/v2/tags/352.json]
[reviewcoinx.com/vi/tag/dang-ky-tai-khoan-san-bybit/index.html]
[reviewcoinx.com/vi/tag/dang-ky-tai-khoan-ftx/feed/index.html]
[reviewcoinx.com/wp-json/wp/v2/tags/310.json]
[reviewcoinx.com/vi/tag/dang-ky-tai-khoan-ftx/index.html]
[reviewcoinx.com/vi/tag/dang-ky-tai-khoan-gate-io/feed/index.html]
[reviewcoinx.com/wp-json/wp/v2/tags/453.json]
[reviewcoinx.com/vi/tag/dang-ky-tai-khoan-gate-io/index.html]
[reviewcoinx.com/vi/tag/dang-ky-tai-khoan-okx/feed/index.html]
[reviewcoinx.com/wp-json/wp/v2/tags/290.json]
[reviewcoinx.com/vi/tag/dang-ky-tai-khoan-okx/index.html]
[reviewcoinx.com/wp-json/wp/v2/posts/2727.json]
[reviewcoinx.com/coinex-review-how-to-register-coinex-account/feed/index.html]
[reviewcoinx.com/wp-json/oembed/1.0/embed7561.json]
[reviewcoinx.com/wp-json/oembed/1.0/embedac8d]
[reviewcoinx.com/wp-content/uploads/2022/03/Home-1.png]
[reviewcoinx.com/wp-content/uploads/2022/03/how-to-register-and-verify-account-in-coinex.png]
[reviewcoinx.com/wp-content/uploads/2022/03/how-to-register-and-verify-account-in-coinex-1.png]
[reviewcoinx.com/wp-content/uploads/2022/03/how-to-register-and-verify-account-in-coinex-2.png]
[reviewcoinx.com/wp-content/uploads/2022/03/how-to-register-and-verify-account-in-coinex-3.png]
[reviewcoinx.com/wp-content/uploads/2022/03/how-to-register-and-verify-account-in-coinex-4.png]
[reviewcoinx.com/wp-content/uploads/2022/03/how-to-register-and-verify-account-in-coinex-5.png]
[reviewcoinx.com/wp-content/uploads/2022/03/how-to-register-and-verify-account-in-coinex-6.png]
[reviewcoinx.com/wp-content/uploads/2022/03/how-to-register-and-verify-account-in-coinex-7.png]
[reviewcoinx.com/wp-content/uploads/2022/03/how-to-register-and-verify-account-in-coinex-8.png]
[reviewcoinx.com/wp-content/uploads/2022/03/how-to-register-and-verify-account-in-coinex-9.png]
[reviewcoinx.com/wp-content/uploads/2022/03/how-to-register-and-verify-account-in-coinex-10.png]
[reviewcoinx.com/wp-content/uploads/2022/03/how-to-register-and-verify-account-in-coinex-11.png]
[reviewcoinx.com/coinex-review-how-to-register-coinex-account/index.html]
[reviewcoinx.com/tag/create-coinex-account/index.html]
[reviewcoinx.com/tag/review-coinex/index.html]
[reviewcoinx.com/wp-json/wp/v2/posts/2677.json]
[reviewcoinx.com/tag/sign-up-coinex/index.html]
[reviewcoinx.com/tag/coinex-review/index.html]
[reviewcoinx.com/tag/register-coinex/index.html]
[reviewcoinx.com/wp-json/oembed/1.0/embed6e30.json]
[reviewcoinx.com/ftx-exchange-review-how-to-create-ftx-account/feed/index.html]
[reviewcoinx.com/wp-json/oembed/1.0/embedc4a8]
[reviewcoinx.com/wp-content/uploads/2022/03/san-ftx-la-gi-2-1400x701-1-740x492.jpg]
[reviewcoinx.com/wp-content/uploads/2022/03/Home-1024x497.png]
[reviewcoinx.com/wp-content/uploads/2022/03/how-to-open-a-trading-account-in-ftx-1.png]
[reviewcoinx.com/wp-content/uploads/2022/03/how-to-open-a-trading-account-in-ftx-2.png]
[reviewcoinx.com/wp-content/uploads/2022/03/how-to-open-a-trading-account-in-ftx-4.png]
[reviewcoinx.com/wp-content/uploads/2022/03/how-to-open-a-trading-account-in-ftx-5.png]
[reviewcoinx.com/wp-content/uploads/2022/03/how-to-open-a-trading-account-in-ftx-70.png]
[reviewcoinx.com/wp-content/uploads/2022/03/how-to-open-a-trading-account-in-ftx-9.png]
[reviewcoinx.com/wp-content/uploads/2022/03/how-to-open-a-trading-account-in-ftx-8.png]
[reviewcoinx.com/ftx-exchange-review-how-to-create-ftx-account/index.html]
[reviewcoinx.com/tag/ftx-register/index.html]
[reviewcoinx.com/tag/create-ftx-account/index.html]
[reviewcoinx.com/tag/ftx-review/index.html]
[reviewcoinx.com/wp-json/wp/v2/posts/2592.json]
[reviewcoinx.com/tag/register-ftx/index.html]
[reviewcoinx.com/tag/ftx-exchange/index.html]
[reviewcoinx.com/tag/ftx-sign-up/index.html]
[reviewcoinx.com/tag/review-ftx/index.html]
[reviewcoinx.com/tag/sign-up-ftx/index.html]
[reviewcoinx.com/wp-json/oembed/1.0/embedffa6.json]
[reviewcoinx.com/binance-reviews-how-to-create-binance-account/feed/index.html]
[reviewcoinx.com/wp-json/oembed/1.0/embed5120]
[reviewcoinx.com/wp-content/uploads/2022/03/The-Binance-Review-740x450.png]
[reviewcoinx.com/wp-content/uploads/2022/03/How-to-Register-Account-in-Binance-1.png]
[reviewcoinx.com/wp-content/uploads/2022/03/How-to-Register-Account-in-Binance-1-1.png]
[reviewcoinx.com/wp-content/uploads/2022/03/How-to-Register-Account-in-Binance-3.png]
[reviewcoinx.com/wp-content/uploads/2022/03/How-to-Register-Account-in-Binance-4.png]
[reviewcoinx.com/wp-content/uploads/2022/03/How-to-Register-Account-in-Binance-5.png]
[reviewcoinx.com/wp-content/uploads/2022/03/How-to-Register-Account-in-Binance-6.png]
[reviewcoinx.com/binance-reviews-how-to-create-binance-account/index.html]
[reviewcoinx.com/tag/binance-register/index.html]
[reviewcoinx.com/tag/binance-exchange/index.html]
[reviewcoinx.com/wp-content/plugins/wp-review/public/fonts/font-icons.svg]
[reviewcoinx.com/tag/binance-sign-up/index.html]
[reviewcoinx.com/tag/create-binance-account/index.html]
[reviewcoinx.com/wp-content/themes/mts_crypto/css/owl.video.play.html]
[reviewcoinx.com/wp-content/themes/mts_crypto/fonts/fontawesome-webfont.svg]
[reviewcoinx.com/exchange/page/2/index.html]
[reviewcoinx.com/tag/review-binance/index.html]
[reviewcoinx.com/tag/register-binance/index.html]
[reviewcoinx.com/tag/sign-up-binance/index.html]
[reviewcoinx.com/wp-content/plugins/easy-table-of-contents/vendor/icomoon/fonts/ez-toc-icomoon.eot]
[reviewcoinx.com/wp-content/plugins/easy-table-of-contents/vendor/icomoon/fonts/ez-toc-icomoond41d.eot]
[reviewcoinx.com/wp-content/plugins/easy-table-of-contents/vendor/icomoon/fonts/ez-toc-icomoon.woff2]
[reviewcoinx.com/wp-content/plugins/easy-table-of-contents/vendor/icomoon/fonts/ez-toc-icomoon.woff]
[reviewcoinx.com/wp-content/plugins/easy-table-of-contents/vendor/icomoon/fonts/ez-toc-icomoon.ttf]
[reviewcoinx.com/wp-content/plugins/easy-table-of-contents/vendor/icomoon/fonts/ez-toc-icomoon.svg]
[reviewcoinx.com/wp-content/plugins/easy-table-of-contents/vendor/icomoon/style.min.css]
[reviewcoinx.com/wp-content/plugins/easy-table-of-contents/assets/css/screen.min.css]
[reviewcoinx.com/wp-content/plugins/easy-table-of-contents/vendor/js-cookie/js.cookie.min.js]
[reviewcoinx.com/wp-content/themes/mts_crypto/js/ajax.js]
[reviewcoinx.com/icos/index20fc.html]
[reviewcoinx.com/icos/index39e4.html]
[reviewcoinx.com/icos/index4fe8.html]
[reviewcoinx.com/indexfdf0.html]
[reviewcoinx.com/wp-admin/admin-ajax.html]
[reviewcoinx.com/wp-json/wp/v2/tags/518.json]
[reviewcoinx.com/tag/create-account-quwiex/index.html]
[reviewcoinx.com/tag/create-account-quwiex/feed/index.html]
[reviewcoinx.com/tag/create-new-account-with-quwiex/feed/index.html]
[reviewcoinx.com/wp-json/wp/v2/tags/516.json]
[reviewcoinx.com/tag/create-new-account-with-quwiex/index.html]
[reviewcoinx.com/wp-json/wp/v2/tags/510.json]
[reviewcoinx.com/tag/quwiex/index.html]
[reviewcoinx.com/tag/quwiex/feed/index.html]
[reviewcoinx.com/wp-json/wp/v2/tags/512.json]
[reviewcoinx.com/tag/quwiex-review/index.html]
[reviewcoinx.com/tag/quwiex-review/feed/index.html]
[reviewcoinx.com/wp-json/wp/v2/tags/514.json]
[reviewcoinx.com/tag/quwiex-sign-up/index.html]
[reviewcoinx.com/tag/quwiex-sign-up/feed/index.html]
[reviewcoinx.com/wp-json/wp/v2/tags/520.json]
[reviewcoinx.com/tag/register-new-account-quwiex/index.html]
[reviewcoinx.com/tag/register-new-account-quwiex/feed/index.html]
[reviewcoinx.com/tag/register-quwiex/feed/index.html]
[reviewcoinx.com/wp-json/wp/v2/tags/522.json]
[reviewcoinx.com/tag/register-quwiex/index.html]
[reviewcoinx.com/wp-includes/js/comment-reply.min.js]
[reviewcoinx.com/wp-content/plugins/easy-table-of-contents/vendor/smooth-scroll/jquery.smooth-scroll.min.js]
[reviewcoinx.com/wp-content/plugins/easy-table-of-contents/vendor/sticky-kit/jquery.sticky-kit.min.js]
[reviewcoinx.com/wp-content/plugins/easy-table-of-contents/assets/js/front.min.js]
[reviewcoinx.com/vi/Tác%20Giả/trantinhceo/index.html]
[reviewcoinx.com/author/trantinhceo/page/2/index.html]
[reviewcoinx.com/index17f8.html]
[reviewcoinx.com/wp-json/wp/v2/tags/481.json]
[reviewcoinx.com/tag/ascendex-register/index.html]
[reviewcoinx.com/tag/ascendex-register/feed/index.html]
[reviewcoinx.com/tag/ascendex-sign-up/feed/index.html]
[reviewcoinx.com/wp-json/wp/v2/tags/479.json]
[reviewcoinx.com/tag/ascendex-sign-up/index.html]
[reviewcoinx.com/wp-json/wp/v2/tags/483.json]
[reviewcoinx.com/tag/create-ascendex-account/index.html]
[reviewcoinx.com/tag/create-ascendex-account/feed/index.html]
[reviewcoinx.com/wp-json/wp/v2/tags/485.json]
[reviewcoinx.com/tag/register-ascendex/index.html]
[reviewcoinx.com/tag/register-ascendex/feed/index.html]
[reviewcoinx.com/wp-json/wp/v2/tags/489.json]
[reviewcoinx.com/tag/review-ascendex/index.html]
[reviewcoinx.com/tag/review-ascendex/feed/index.html]
[reviewcoinx.com/wp-json/wp/v2/tags/477.json]
[reviewcoinx.com/tag/sign-up-ascendex/index.html]
[reviewcoinx.com/index38c7.html]
[reviewcoinx.com/tag/sign-up-ascendex/feed/index.html]
[reviewcoinx.com/tag/gate-io-exchange/feed/index.html]
[reviewcoinx.com/wp-json/wp/v2/tags/444.json]
[reviewcoinx.com/tag/gate-io-exchange/index.html]
[reviewcoinx.com/wp-json/wp/v2/tags/438.json]
[reviewcoinx.com/tag/gate-io-register/index.html]
[reviewcoinx.com/tag/gate-io-register/feed/index.html]
[reviewcoinx.com/wp-json/wp/v2/tags/442.json]
[reviewcoinx.com/tag/gate-io-review/index.html]
[reviewcoinx.com/tag/gate-io-review/feed/index.html]
[reviewcoinx.com/tag/gate-io-sign-up/feed/index.html]
[reviewcoinx.com/wp-json/wp/v2/tags/436.json]
[reviewcoinx.com/tag/gate-io-sign-up/index.html]
[reviewcoinx.com/tag/register-gate-io/feed/index.html]
[reviewcoinx.com/wp-json/wp/v2/tags/446.json]
[reviewcoinx.com/tag/register-gate-io/index.html]
[reviewcoinx.com/wp-json/wp/v2/tags/448.json]
[reviewcoinx.com/tag/review-gate-io/index.html]
[reviewcoinx.com/tag/review-gate-io/feed/index.html]
[reviewcoinx.com/tag/sign-up-gate-io/feed/index.html]
[reviewcoinx.com/wp-json/wp/v2/tags/450.json]
[reviewcoinx.com/tag/sign-up-gate-io/index.html]
[reviewcoinx.com/indexc0d1.html]
[reviewcoinx.com/wp-json/wp/v2/categories/121.json]
[reviewcoinx.com/exchange/okx/index.html]
[reviewcoinx.com/exchange/okx/feed/index.html]
[reviewcoinx.com/tag/create-okx-account/feed/index.html]
[reviewcoinx.com/wp-json/wp/v2/tags/282.json]
[reviewcoinx.com/tag/create-okx-account/index.html]
[reviewcoinx.com/wp-json/wp/v2/tags/123.json]
[reviewcoinx.com/tag/okx-exchange/index.html]
[reviewcoinx.com/tag/okx-exchange/feed/index.html]
[reviewcoinx.com/wp-json/wp/v2/tags/280.json]
[reviewcoinx.com/tag/okx-register/index.html]
[reviewcoinx.com/tag/okx-register/feed/index.html]
[reviewcoinx.com/wp-json/wp/v2/tags/286.json]
[reviewcoinx.com/tag/okx-review/index.html]
[reviewcoinx.com/tag/okx-review/feed/index.html]
[reviewcoinx.com/tag/okx-sign-up/feed/index.html]
[reviewcoinx.com/wp-json/wp/v2/tags/278.json]
[reviewcoinx.com/tag/okx-sign-up/index.html]
[reviewcoinx.com/wp-json/wp/v2/tags/284.json]
[reviewcoinx.com/tag/register-okx/index.html]
[reviewcoinx.com/tag/register-okx/feed/index.html]
[reviewcoinx.com/tag/review-okx/feed/index.html]
[reviewcoinx.com/wp-json/wp/v2/tags/288.json]
[reviewcoinx.com/tag/review-okx/index.html]
[reviewcoinx.com/wp-json/wp/v2/tags/276.json]
[reviewcoinx.com/tag/sign-up-okx/index.html]
[reviewcoinx.com/index0ba2.html]
[reviewcoinx.com/tag/sign-up-okx/feed/index.html]
[reviewcoinx.com/wp-json/wp/v2/categories/112.json]
[reviewcoinx.com/exchange/kucoin/index.html]
[reviewcoinx.com/exchange/kucoin/feed/index.html]
[reviewcoinx.com/tag/create-kucoin-account/feed/index.html]
[reviewcoinx.com/wp-json/wp/v2/tags/268.json]
[reviewcoinx.com/tag/create-kucoin-account/index.html]
[reviewcoinx.com/tag/kucoin-exchange/feed/index.html]
[reviewcoinx.com/wp-json/wp/v2/tags/114.json]
[reviewcoinx.com/tag/kucoin-exchange/index.html]
[reviewcoinx.com/wp-json/wp/v2/tags/266.json]
[reviewcoinx.com/tag/kucoin-register/index.html]
[reviewcoinx.com/tag/kucoin-register/feed/index.html]
[reviewcoinx.com/wp-json/wp/v2/tags/264.json]
[reviewcoinx.com/tag/kucoin-sign-up/index.html]
[reviewcoinx.com/tag/kucoin-sign-up/feed/index.html]
[reviewcoinx.com/wp-json/wp/v2/tags/270.json]
[reviewcoinx.com/tag/register-kucoin/index.html]
[reviewcoinx.com/tag/register-kucoin/feed/index.html]
[reviewcoinx.com/wp-json/wp/v2/tags/262.json]
[reviewcoinx.com/tag/sign-up-kucoin/index.html]
[reviewcoinx.com/indexa896.html]
[reviewcoinx.com/exchange/mexc/index.html]
[reviewcoinx.com/tag/sign-up-kucoin/feed/index.html]
[reviewcoinx.com/wp-json/wp/v2/tags/254.json]
[reviewcoinx.com/tag/create-mexc-account/index.html]
[reviewcoinx.com/tag/create-mexc-account/feed/index.html]
[reviewcoinx.com/wp-json/wp/v2/tags/107.json]
[reviewcoinx.com/tag/mexc-exchange/index.html]
[reviewcoinx.com/tag/mexc-exchange/feed/index.html]
[reviewcoinx.com/tag/mexc-review/index.html]
[reviewcoinx.com/wp-json/wp/v2/tags/258.json]
[reviewcoinx.com/tag/mexc-review/feed/index.html]
[reviewcoinx.com/tag/mexc-sign-up/feed/index.html]
[reviewcoinx.com/wp-json/wp/v2/tags/250.json]
[reviewcoinx.com/tag/mexc-sign-up/index.html]
[reviewcoinx.com/wp-json/wp/v2/tags/256.json]
[reviewcoinx.com/tag/register-mexc/index.html]
[reviewcoinx.com/tag/register-mexc/feed/index.html]
[reviewcoinx.com/tag/review-mexc/feed/index.html]
[reviewcoinx.com/wp-json/wp/v2/tags/260.json]
[reviewcoinx.com/tag/review-mexc/index.html]
[reviewcoinx.com/tag/sign-up-mexc/feed/index.html]
[reviewcoinx.com/wp-json/wp/v2/tags/248.json]
[reviewcoinx.com/tag/sign-up-mexc/index.html]
[reviewcoinx.com/index0dc8.html]
[reviewcoinx.com/tag/create-phemex-account/feed/index.html]
[reviewcoinx.com/wp-json/wp/v2/tags/240.json]
[reviewcoinx.com/tag/create-phemex-account/index.html]
[reviewcoinx.com/wp-json/wp/v2/tags/100.json]
[reviewcoinx.com/tag/phemex-exchange/index.html]
[reviewcoinx.com/tag/phemex-exchange/feed/index.html]
[reviewcoinx.com/wp-json/wp/v2/tags/238.json]
[reviewcoinx.com/tag/phemex-register/index.html]
[reviewcoinx.com/tag/phemex-register/feed/index.html]
[reviewcoinx.com/wp-json/wp/v2/tags/244.json]
[reviewcoinx.com/tag/phemex-review/index.html]
[reviewcoinx.com/tag/phemex-review/feed/index.html]
[reviewcoinx.com/tag/phemex-sign-up/feed/index.html]
[reviewcoinx.com/wp-json/wp/v2/tags/236.json]
[reviewcoinx.com/tag/phemex-sign-up/index.html]
[reviewcoinx.com/tag/register-phemex/feed/index.html]
[reviewcoinx.com/wp-json/wp/v2/tags/242.json]
[reviewcoinx.com/tag/register-phemex/index.html]
[reviewcoinx.com/tag/review-phemex/feed/index.html]
[reviewcoinx.com/wp-json/wp/v2/tags/246.json]
[reviewcoinx.com/tag/review-phemex/index.html]
[reviewcoinx.com/wp-json/wp/v2/tags/234.json]
[reviewcoinx.com/tag/sign-up-phemex/index.html]
[reviewcoinx.com/indexe46b.html]
[reviewcoinx.com/tag/sign-up-phemex/feed/index.html]
[reviewcoinx.com/wp-json/wp/v2/tags/226.json]
[reviewcoinx.com/tag/create-huobi-account/index.html]
[reviewcoinx.com/tag/create-huobi-account/feed/index.html]
[reviewcoinx.com/wp-json/wp/v2/tags/91.json]
[reviewcoinx.com/tag/huobi-exchange/index.html]
[reviewcoinx.com/tag/huobi-exchange/feed/index.html]
[reviewcoinx.com/wp-json/wp/v2/tags/224.json]
[reviewcoinx.com/tag/huobi-register/index.html]
[reviewcoinx.com/tag/huobi-register/feed/index.html]
[reviewcoinx.com/wp-json/wp/v2/tags/222.json]
[reviewcoinx.com/tag/huobi-sign-up/index.html]
[reviewcoinx.com/tag/huobi-sign-up/feed/index.html]
[reviewcoinx.com/tag/register-huobi/feed/index.html]
[reviewcoinx.com/wp-json/wp/v2/tags/228.json]
[reviewcoinx.com/tag/register-huobi/index.html]
[reviewcoinx.com/tag/review-huobi/feed/index.html]
[reviewcoinx.com/wp-json/wp/v2/tags/232.json]
[reviewcoinx.com/tag/review-huobi/index.html]
[reviewcoinx.com/tag/sign-up-huobi/index.html]
[reviewcoinx.com/index583d.html]
[reviewcoinx.com/wp-json/wp/v2/tags/220.json]
[reviewcoinx.com/tag/sign-up-huobi/feed/index.html]
[reviewcoinx.com/tag/bybit-exchange/feed/index.html]
[reviewcoinx.com/tag/bybit-exchange/index.html]
[reviewcoinx.com/wp-json/wp/v2/tags/82.json]
[reviewcoinx.com/tag/bybit-review/feed/index.html]
[reviewcoinx.com/wp-json/wp/v2/tags/216.json]
[reviewcoinx.com/tag/bybit-review/index.html]
[reviewcoinx.com/tag/create-bybit-account/index.html]
[reviewcoinx.com/wp-json/wp/v2/tags/212.json]
[reviewcoinx.com/tag/create-bybit-account/feed/index.html]
[reviewcoinx.com/tag/register-bybit/feed/index.html]
[reviewcoinx.com/wp-json/wp/v2/tags/214.json]
[reviewcoinx.com/tag/register-bybit/index.html]
[reviewcoinx.com/tag/review-bybit/feed/index.html]
[reviewcoinx.com/wp-json/wp/v2/tags/218.json]
[reviewcoinx.com/tag/review-bybit/index.html]
[reviewcoinx.com/tag/sign-up-bybit/feed/index.html]
[reviewcoinx.com/wp-json/wp/v2/tags/206.json]
[reviewcoinx.com/tag/sign-up-bybit/index.html]
[connect.facebook.net/en_US/all.js]
[reviewcoinx.com/wp-json/wp/v2/posts/2687.json]
[reviewcoinx.com/vi/san-ftx-la-gi-huong-dan-dang-ky-tai-khoan-san-ftx/feed/index.html]
[reviewcoinx.com/wp-json/oembed/1.0/embed31a0.json]
[reviewcoinx.com/wp-json/oembed/1.0/embed11eb]
[reviewcoinx.com/wp-content/uploads/2022/03/Trang-Chu-FTX.png]
[reviewcoinx.com/wp-content/uploads/2022/03/Dang-ky-tai-khoan-FTX.png]
[reviewcoinx.com/wp-content/uploads/2022/03/keo-truot-de-xac-nhan-1627285170171.png]
[reviewcoinx.com/wp-content/uploads/2022/03/kyc-ftx.png]
[reviewcoinx.com/wp-content/uploads/2022/03/kyc-ftx-2.png]
[reviewcoinx.com/wp-content/uploads/2022/03/kyc-ftx-3-1627286966121.png]
[reviewcoinx.com/wp-content/uploads/2022/03/kyc-ftx-4-.png]
[reviewcoinx.com/wp-content/uploads/2022/03/kyc-ftx-5-1024x575.png]
[reviewcoinx.com/wp-content/uploads/2022/03/kyc-ftx-6--1024x531.png]
[reviewcoinx.com/wp-content/uploads/2022/03/kyc-ftx-7.png]
[reviewcoinx.com/wp-content/uploads/2022/03/kyc-ftx-8--1024x534.png]
[reviewcoinx.com/wp-content/uploads/2022/03/kyc-ftx-9-1024x379.png]
[reviewcoinx.com/wp-content/uploads/2022/03/kyc-ftx-10-1024x332.png]
[reviewcoinx.com/wp-content/uploads/2022/03/2fa-ftx-1024x400.png]
[reviewcoinx.com/wp-content/uploads/2022/03/2fa-ftx-2-1024x459.png]
[reviewcoinx.com/vi/san-ftx-la-gi-huong-dan-dang-ky-tai-khoan-san-ftx/index.html]
[reviewcoinx.com/vi/tag/tai-khoan-ftx/index.html]
[reviewcoinx.com/vi/tag/san-giao-dich-ftx/index.html]
[reviewcoinx.com/vi/tag/dang-ky-tai-khoan-san-ftx/index.html]
[reviewcoinx.com/vi/tag/tao-tai-khoan-san-ftx/index.html]
[reviewcoinx.com/vi/tag/san-ftx/index.html]
[reviewcoinx.com/wp-json/wp/v2/posts/2621.json]
[reviewcoinx.com/vi/binance-la-gi-huong-dan-dang-ky-tai-khoan-san-binance/feed/index.html]
[reviewcoinx.com/wp-json/oembed/1.0/embedadd9.json]
[reviewcoinx.com/wp-json/oembed/1.0/embede26e]
[reviewcoinx.com/wp-content/uploads/2022/03/The-Binance-Review-1-740x450.png]
[reviewcoinx.com/wp-content/uploads/2022/03/binence-la-gi-1024x465.png]
[reviewcoinx.com/wp-content/uploads/2022/03/Dang-Ky-Binance-Buoc-1.png]
[reviewcoinx.com/wp-content/uploads/2022/03/Dang-Ky-Binance-Buoc-2.png]
[reviewcoinx.com/wp-content/uploads/2022/03/Dang-Ky-Tai-Khoan-Binance-Buoc-3.png]
[reviewcoinx.com/wp-content/uploads/2022/03/Dang-Ky-Tai-Khoan-Binance-Buoc-4.png]
[reviewcoinx.com/wp-content/uploads/2022/03/Dang-Ky-Tai-Khoan-Binance-Buoc-5.png]
[reviewcoinx.com/wp-content/uploads/2022/03/Dang-Ky-Tai-Khoan-Binance-Buoc-6.png]
[reviewcoinx.com/vi/binance-la-gi-huong-dan-dang-ky-tai-khoan-san-binance/index.html]
[reviewcoinx.com/san-giao-dich/index.html]
[reviewcoinx.com/vi/tag/san-binance/index.html]
[reviewcoinx.com/vi/tag/dang-ky-tai-khoan-binance/index.html]
[reviewcoinx.com/indexf631.html]
[reviewcoinx.com/vi/tag/san-giao-dich-binance/index.html]
[reviewcoinx.com/vi/tag/dang-ky-tai-khoan-san-binance/index.html]
[reviewcoinx.com/vi/tag/tai-khoan-binance/index.html]
[reviewcoinx.com/vi/tag/tao-tai-khoan-san-binance/index.html]
[reviewcoinx.com/vi/tag/tao-tai-khoan-binance/index.html]
[reviewcoinx.com/wp-json/wp/v2/tags/494.json]
[reviewcoinx.com/vi/tag/dang-ky-tai-khoan-ascendex/feed/index.html]
[reviewcoinx.com/vi/tag/dang-ky-tai-khoan-ascendex/index.html]
[reviewcoinx.com/vi/tag/dang-ky-tai-khoan-san-ascendex/feed/index.html]
[reviewcoinx.com/wp-json/wp/v2/tags/504.json]
[reviewcoinx.com/vi/tag/dang-ky-tai-khoan-san-ascendex/index.html]
[reviewcoinx.com/vi/tag/san-giao-dich-ascendex/feed/index.html]
[reviewcoinx.com/wp-json/wp/v2/tags/500.json]
[reviewcoinx.com/vi/tag/san-giao-dich-ascendex/index.html]
[reviewcoinx.com/vi/tag/tai-khoan-ascendex/feed/index.html]
[reviewcoinx.com/wp-json/wp/v2/tags/498.json]
[reviewcoinx.com/vi/tag/tai-khoan-ascendex/index.html]
[reviewcoinx.com/vi/tag/tao-tai-khoan-ascendex/feed/index.html]
[reviewcoinx.com/wp-json/wp/v2/tags/496.json]
[reviewcoinx.com/vi/tag/tao-tai-khoan-ascendex/index.html]
[reviewcoinx.com/wp-json/wp/v2/tags/506.json]
[reviewcoinx.com/vi/tag/tao-tai-khoan-san-ascendex/feed/index.html]
[reviewcoinx.com/vi/tag/tao-tai-khoan-san-ascendex/index.html]
[reviewcoinx.com/vi/san-giao-dich/Trang/2/index.html]
[reviewcoinx.com/indexcb1e.html]
[reviewcoinx.com/wp-json/wp/v2/tags/463.json]
[reviewcoinx.com/vi/tag/dang-ky-tai-khoan-san-gate-io/feed/index.html]
[reviewcoinx.com/vi/tag/dang-ky-tai-khoan-san-gate-io/index.html]
[reviewcoinx.com/vi/tag/san-gate-io/feed/index.html]
[reviewcoinx.com/wp-json/wp/v2/tags/461.json]
[reviewcoinx.com/vi/tag/san-gate-io/index.html]
[reviewcoinx.com/vi/tag/san-giao-dich-gate-io/feed/index.html]
[reviewcoinx.com/wp-json/wp/v2/tags/459.json]
[reviewcoinx.com/vi/tag/san-giao-dich-gate-io/index.html]
[reviewcoinx.com/wp-json/wp/v2/tags/457.json]
[reviewcoinx.com/vi/tag/tai-khoan-gate-io/feed/index.html]
[reviewcoinx.com/vi/tag/tai-khoan-gate-io/index.html]
[reviewcoinx.com/wp-json/wp/v2/tags/465.json]
[reviewcoinx.com/vi/tag/tao-tai-khoan-san-gate-io/feed/index.html]
[reviewcoinx.com/vi/tag/tao-tai-khoan-san-gate-io/index.html]
[reviewcoinx.com/index2cb4.html]
[reviewcoinx.com/vi/tag/dang-ky-tai-khoan-san-okx/feed/index.html]
[reviewcoinx.com/wp-json/wp/v2/tags/412.json]
[reviewcoinx.com/vi/tag/dang-ky-tai-khoan-san-okx/index.html]
[reviewcoinx.com/vi/tag/san-giao-dich-okx/feed/index.html]
[reviewcoinx.com/wp-json/wp/v2/tags/296.json]
[reviewcoinx.com/vi/tag/san-giao-dich-okx/index.html]
[reviewcoinx.com/vi/tag/san-okx/feed/index.html]
[reviewcoinx.com/wp-json/wp/v2/tags/298.json]
[reviewcoinx.com/vi/tag/san-okx/index.html]
[reviewcoinx.com/wp-json/wp/v2/tags/294.json]
[reviewcoinx.com/vi/tag/tai-khoan-okx/feed/index.html]
[reviewcoinx.com/vi/tag/tai-khoan-okx/index.html]
[reviewcoinx.com/wp-json/wp/v2/tags/292.json]
[reviewcoinx.com/vi/tag/tao-tai-khoan-okx/feed/index.html]
[reviewcoinx.com/vi/tag/tao-tai-khoan-okx/index.html]
[reviewcoinx.com/vi/tag/tao-tai-khoan-san-okx/feed/index.html]
[reviewcoinx.com/wp-json/wp/v2/tags/414.json]
[reviewcoinx.com/vi/tag/tao-tai-khoan-san-okx/index.html]
[reviewcoinx.com/indexab7e.html]
[reviewcoinx.com/wp-json/wp/v2/categories/117.json]
[reviewcoinx.com/vi/san-giao-dich/kucoin/feed/index.html]
[reviewcoinx.com/vi/san-giao-dich/kucoin/index.html]
[reviewcoinx.com/vi/tag/dang-ky-tai-khoan-kucoin/feed/index.html]
[reviewcoinx.com/wp-json/wp/v2/tags/398.json]
[reviewcoinx.com/vi/tag/dang-ky-tai-khoan-kucoin/index.html]
[reviewcoinx.com/vi/tag/dang-ky-tai-khoan-san-kucoin/index.html]
[reviewcoinx.com/wp-json/wp/v2/tags/408.json]
[reviewcoinx.com/vi/tag/dang-ky-tai-khoan-san-kucoin/feed/index.html]
[reviewcoinx.com/vi/tag/san-giao-dich-kucoin/feed/index.html]
[reviewcoinx.com/wp-json/wp/v2/tags/404.json]
[reviewcoinx.com/vi/tag/san-giao-dich-kucoin/index.html]
[reviewcoinx.com/vi/tag/san-kucoin/feed/index.html]
[reviewcoinx.com/wp-json/wp/v2/tags/406.json]
[reviewcoinx.com/vi/tag/san-kucoin/index.html]
[reviewcoinx.com/vi/tag/tai-khoan-kucoin/index.html]
[reviewcoinx.com/wp-json/wp/v2/tags/402.json]
[reviewcoinx.com/vi/tag/tai-khoan-kucoin/feed/index.html]
[reviewcoinx.com/vi/tag/tao-tai-khoan-kucoin/feed/index.html]
[reviewcoinx.com/wp-json/wp/v2/tags/400.json]
[reviewcoinx.com/vi/tag/tao-tai-khoan-kucoin/index.html]
[reviewcoinx.com/vi/tag/tao-tai-khoan-san-kucoin/index.html]
[reviewcoinx.com/index2cc5.html]
[reviewcoinx.com/wp-json/wp/v2/tags/410.json]
[reviewcoinx.com/vi/tag/tao-tai-khoan-san-kucoin/feed/index.html]
[reviewcoinx.com/vi/san-giao-dich/mexc/index.html]
[reviewcoinx.com/vi/san-huobi-la-gi-huong-dan-dang-ky-tai-khoan-san-huobi-2022/index.html]
[reviewcoinx.com/wp-json/wp/v2/categories/28.json]
[reviewcoinx.com/vi/san-giao-dich/mexc/feed/index.html]
[reviewcoinx.com/vi/tag/dang-ky-tai-khoan-mexc/feed/index.html]
[reviewcoinx.com/wp-json/wp/v2/tags/384.json]
[reviewcoinx.com/vi/tag/dang-ky-tai-khoan-mexc/index.html]
[reviewcoinx.com/vi/tag/dang-ky-tai-khoan-san-mexc/index.html]
[reviewcoinx.com/wp-json/wp/v2/tags/394.json]
[reviewcoinx.com/vi/tag/dang-ky-tai-khoan-san-mexc/feed/index.html]
[reviewcoinx.com/vi/tag/san-giao-dich-mexc/feed/index.html]
[reviewcoinx.com/wp-json/wp/v2/tags/390.json]
[reviewcoinx.com/vi/tag/san-giao-dich-mexc/index.html]
[reviewcoinx.com/vi/tag/san-mexc/index.html]
[reviewcoinx.com/wp-json/wp/v2/tags/392.json]
[reviewcoinx.com/vi/tag/san-mexc/feed/index.html]
[reviewcoinx.com/wp-json/wp/v2/tags/388.json]
[reviewcoinx.com/vi/tag/tai-khoan-mexc/index.html]
[reviewcoinx.com/vi/tag/tai-khoan-mexc/feed/index.html]
[reviewcoinx.com/vi/tag/tao-tai-khoan-mexc/feed/index.html]
[reviewcoinx.com/wp-json/wp/v2/tags/386.json]
[reviewcoinx.com/vi/tag/tao-tai-khoan-mexc/index.html]
[reviewcoinx.com/index93db.html]
[reviewcoinx.com/vi/tag/dang-ky-tai-khoan-phemex/index.html]
[reviewcoinx.com/wp-json/wp/v2/tags/370.json]
[reviewcoinx.com/vi/tag/dang-ky-tai-khoan-phemex/feed/index.html]
[reviewcoinx.com/vi/tag/dang-ky-tai-khoan-san-phemex/feed/index.html]
[reviewcoinx.com/wp-json/wp/v2/tags/380.json]
[reviewcoinx.com/vi/tag/dang-ky-tai-khoan-san-phemex/index.html]
[reviewcoinx.com/vi/tag/san-phemex/feed/index.html]
[reviewcoinx.com/wp-json/wp/v2/tags/378.json]
[reviewcoinx.com/vi/tag/san-phemex/index.html]
[reviewcoinx.com/wp-json/wp/v2/tags/372.json]
[reviewcoinx.com/vi/tag/tao-tai-khoan-phemex/index.html]
[reviewcoinx.com/vi/tag/tao-tai-khoan-phemex/feed/index.html]
[reviewcoinx.com/vi/tag/tao-tai-khoan-san-phemex/feed/index.html]
[reviewcoinx.com/wp-json/wp/v2/tags/382.json]
[reviewcoinx.com/vi/tag/tao-tai-khoan-san-phemex/index.html]
[reviewcoinx.com/indexe949.html]
[reviewcoinx.com/vi/tag/dang-ky-tai-khoan-huobi/feed/index.html]
[reviewcoinx.com/wp-json/wp/v2/tags/356.json]
[reviewcoinx.com/vi/tag/dang-ky-tai-khoan-huobi/index.html]
[reviewcoinx.com/vi/tag/dang-ky-tai-khoan-san-huobi/feed/index.html]
[reviewcoinx.com/wp-json/wp/v2/tags/366.json]
[reviewcoinx.com/vi/tag/dang-ky-tai-khoan-san-huobi/index.html]
[reviewcoinx.com/vi/tag/san-giao-dich-huobi/feed/index.html]
[reviewcoinx.com/wp-json/wp/v2/tags/362.json]
[reviewcoinx.com/vi/tag/san-giao-dich-huobi/index.html]
[reviewcoinx.com/vi/tag/san-huobi/feed/index.html]
[reviewcoinx.com/wp-json/wp/v2/tags/364.json]
[reviewcoinx.com/vi/tag/san-huobi/index.html]
[reviewcoinx.com/wp-json/wp/v2/tags/360.json]
[reviewcoinx.com/vi/tag/tai-khoan-huobi/index.html]
[reviewcoinx.com/vi/tag/tai-khoan-huobi/feed/index.html]
[reviewcoinx.com/vi/tag/tao-tai-khoan-huobi/feed/index.html]
[reviewcoinx.com/wp-json/wp/v2/tags/358.json]
[reviewcoinx.com/vi/tag/tao-tai-khoan-huobi/index.html]
[reviewcoinx.com/vi/tag/tao-tai-khoan-san-huobi/feed/index.html]
[reviewcoinx.com/wp-json/wp/v2/tags/368.json]
[reviewcoinx.com/vi/tag/tao-tai-khoan-san-huobi/index.html]
[reviewcoinx.com/index6124.html]
[reviewcoinx.com/vi/tag/dang-ky-tai-khoan-bybit/feed/index.html]
[reviewcoinx.com/wp-json/wp/v2/tags/342.json]
[reviewcoinx.com/vi/tag/dang-ky-tai-khoan-bybit/index.html]
[reviewcoinx.com/vi/tag/san-bybit/feed/index.html]
[reviewcoinx.com/wp-json/wp/v2/tags/350.json]
[reviewcoinx.com/vi/tag/san-bybit/index.html]
[reviewcoinx.com/vi/tag/san-giao-dich-bybit/feed/index.html]
[reviewcoinx.com/wp-json/wp/v2/tags/348.json]
[reviewcoinx.com/vi/tag/san-giao-dich-bybit/index.html]
[reviewcoinx.com/vi/tag/tai-khoan-bybit/feed/index.html]
[reviewcoinx.com/wp-json/wp/v2/tags/346.json]
[reviewcoinx.com/vi/tag/tai-khoan-bybit/index.html]
[reviewcoinx.com/vi/tag/tao-tai-khoan-bybit/feed/index.html]
[reviewcoinx.com/wp-json/wp/v2/tags/344.json]
[reviewcoinx.com/vi/tag/tao-tai-khoan-bybit/index.html]
[reviewcoinx.com/index7024.html]
[reviewcoinx.com/vi/tag/dang-ky-tai-khoan-coinex/feed/index.html]
[reviewcoinx.com/wp-json/wp/v2/tags/320.json]
[reviewcoinx.com/vi/tag/dang-ky-tai-khoan-coinex/index.html]
[reviewcoinx.com/vi/tag/dang-ky-tai-khoan-san-coinex/feed/index.html]
[reviewcoinx.com/wp-json/wp/v2/tags/330.json]
[reviewcoinx.com/vi/tag/dang-ky-tai-khoan-san-coinex/index.html]
[reviewcoinx.com/wp-json/wp/v2/tags/328.json]
[reviewcoinx.com/vi/tag/san-coinex/index.html]
[reviewcoinx.com/vi/tag/san-coinex/feed/index.html]
[reviewcoinx.com/vi/tag/san-giao-dich-coinex/feed/index.html]
[reviewcoinx.com/wp-json/wp/v2/tags/326.json]
[reviewcoinx.com/vi/tag/san-giao-dich-coinex/index.html]
[reviewcoinx.com/wp-json/wp/v2/tags/324.json]
[reviewcoinx.com/vi/tag/tai-khoan-coinex/index.html]
[reviewcoinx.com/vi/tag/tai-khoan-coinex/feed/index.html]
[reviewcoinx.com/vi/tag/tao-tai-khoan-coinex/feed/index.html]
[reviewcoinx.com/wp-json/wp/v2/tags/322.json]
[reviewcoinx.com/vi/tag/tao-tai-khoan-coinex/index.html]
[reviewcoinx.com/index06b3.html]
[reviewcoinx.com/wp-json/wp/v2/tags/174.json]
[reviewcoinx.com/tag/coinex-review/index.html]
[reviewcoinx.com/tag/coinex-review/feed/index.html]
[reviewcoinx.com/tag/create-coinex-account/feed/index.html]
[reviewcoinx.com/wp-json/wp/v2/tags/170.json]
[reviewcoinx.com/tag/create-coinex-account/index.html]
[reviewcoinx.com/tag/register-coinex/feed/index.html]
[reviewcoinx.com/wp-json/wp/v2/tags/172.json]
[reviewcoinx.com/tag/register-coinex/index.html]
[reviewcoinx.com/wp-json/wp/v2/tags/176.json]
[reviewcoinx.com/tag/review-coinex/index.html]
[reviewcoinx.com/tag/review-coinex/feed/index.html]
[reviewcoinx.com/tag/sign-up-coinex/feed/index.html]
[reviewcoinx.com/wp-json/wp/v2/tags/164.json]
[reviewcoinx.com/tag/sign-up-coinex/index.html]
[reviewcoinx.com/indexbee1.html]
[reviewcoinx.com/wp-json/wp/v2/tags/198.json]
[reviewcoinx.com/tag/create-ftx-account/index.html]
[reviewcoinx.com/tag/create-ftx-account/feed/index.html]
[reviewcoinx.com/tag/ftx-exchange/feed/index.html]
[reviewcoinx.com/wp-json/wp/v2/tags/70.json]
[reviewcoinx.com/tag/ftx-exchange/index.html]
[reviewcoinx.com/tag/ftx-register/feed/index.html]
[reviewcoinx.com/wp-json/wp/v2/tags/196.json]
[reviewcoinx.com/tag/ftx-register/index.html]
[reviewcoinx.com/tag/ftx-review/feed/index.html]
[reviewcoinx.com/wp-json/wp/v2/tags/202.json]
[reviewcoinx.com/tag/ftx-review/index.html]
[reviewcoinx.com/tag/ftx-sign-up/feed/index.html]
[reviewcoinx.com/wp-json/wp/v2/tags/194.json]
[reviewcoinx.com/tag/ftx-sign-up/index.html]
[reviewcoinx.com/tag/register-ftx/feed/index.html]
[reviewcoinx.com/wp-json/wp/v2/tags/200.json]
[reviewcoinx.com/tag/register-ftx/index.html]
[reviewcoinx.com/tag/review-ftx/feed/index.html]
[reviewcoinx.com/wp-json/wp/v2/tags/204.json]
[reviewcoinx.com/tag/review-ftx/index.html]
[reviewcoinx.com/tag/sign-up-ftx/feed/index.html]
[reviewcoinx.com/wp-json/wp/v2/tags/192.json]
[reviewcoinx.com/tag/sign-up-ftx/index.html]
[reviewcoinx.com/indexe1f1.html]
[reviewcoinx.com/tag/binance-exchange/feed/index.html]
[reviewcoinx.com/wp-json/wp/v2/tags/76.json]
[reviewcoinx.com/tag/binance-exchange/index.html]
[reviewcoinx.com/tag/binance-register/feed/index.html]
[reviewcoinx.com/wp-json/wp/v2/tags/182.json]
[reviewcoinx.com/tag/binance-register/index.html]
[reviewcoinx.com/tag/binance-sign-up/feed/index.html]
[reviewcoinx.com/wp-json/wp/v2/tags/180.json]
[reviewcoinx.com/tag/binance-sign-up/index.html]
[reviewcoinx.com/tag/create-binance-account/feed/index.html]
[reviewcoinx.com/wp-json/wp/v2/tags/184.json]
[reviewcoinx.com/tag/create-binance-account/index.html]
[reviewcoinx.com/wp-json/wp/v2/tags/186.json]
[reviewcoinx.com/tag/register-binance/index.html]
[reviewcoinx.com/tag/register-binance/feed/index.html]
[reviewcoinx.com/tag/review-binance/index.html]
[reviewcoinx.com/wp-json/wp/v2/tags/190.json]
[reviewcoinx.com/tag/review-binance/feed/index.html]
[reviewcoinx.com/tag/sign-up-binance/feed/index.html]
[reviewcoinx.com/tag/sign-up-binance/index.html]
[reviewcoinx.com/wp-content/plugins/easy-table-of-contents/vendor/icomoon/fonts/ez-toc-icomoon.svg]
[reviewcoinx.com/mexc/index.html]
[reviewcoinx.com/index4ff7.html]
[reviewcoinx.com/wp-json/wp/v2/tags/178.json]
[reviewcoinx.com/vi/tag/dang-ky-tai-khoan-san-ftx/feed/index.html]
[reviewcoinx.com/wp-json/wp/v2/tags/334.json]
[reviewcoinx.com/vi/tag/dang-ky-tai-khoan-san-ftx/index.html]
[reviewcoinx.com/vi/tag/san-ftx/index.html]
[reviewcoinx.com/wp-json/wp/v2/tags/318.json]
[reviewcoinx.com/vi/tag/san-ftx/feed/index.html]
[reviewcoinx.com/vi/tag/san-giao-dich-ftx/feed/index.html]
[reviewcoinx.com/wp-json/wp/v2/tags/316.json]
[reviewcoinx.com/vi/tag/san-giao-dich-ftx/index.html]
[reviewcoinx.com/wp-json/wp/v2/tags/314.json]
[reviewcoinx.com/vi/tag/tai-khoan-ftx/index.html]
[reviewcoinx.com/vi/tag/tai-khoan-ftx/feed/index.html]
[reviewcoinx.com/vi/tag/tao-tai-khoan-san-ftx/feed/index.html]
[reviewcoinx.com/wp-json/wp/v2/tags/336.json]
[reviewcoinx.com/vi/tag/tao-tai-khoan-san-ftx/index.html]
[reviewcoinx.com/indexc6ea.html]
[reviewcoinx.com/vi/tag/dang-ky-tai-khoan-binance/index.html]
[reviewcoinx.com/wp-json/wp/v2/tags/300.json]
[reviewcoinx.com/vi/tag/dang-ky-tai-khoan-binance/feed/index.html]
[reviewcoinx.com/vi/tag/dang-ky-tai-khoan-san-binance/feed/index.html]
[reviewcoinx.com/wp-json/wp/v2/tags/338.json]
[reviewcoinx.com/vi/tag/dang-ky-tai-khoan-san-binance/index.html]
[reviewcoinx.com/wp-json/wp/v2/tags/308.json]
[reviewcoinx.com/vi/tag/san-binance/index.html]
[reviewcoinx.com/vi/tag/san-binance/feed/index.html]
[reviewcoinx.com/vi/tag/san-giao-dich-binance/feed/index.html]
[reviewcoinx.com/wp-json/wp/v2/tags/306.json]
[reviewcoinx.com/vi/tag/san-giao-dich-binance/index.html]
[reviewcoinx.com/wp-json/wp/v2/tags/304.json]
[reviewcoinx.com/vi/tag/tai-khoan-binance/index.html]
[reviewcoinx.com/vi/tag/tai-khoan-binance/feed/index.html]
[reviewcoinx.com/vi/tag/tao-tai-khoan-binance/feed/index.html]
[reviewcoinx.com/wp-json/wp/v2/tags/302.json]
[reviewcoinx.com/vi/tag/tao-tai-khoan-binance/index.html]
[reviewcoinx.com/wp-json/wp/v2/tags/340.json]
[reviewcoinx.com/vi/tag/tao-tai-khoan-san-binance/index.html]
[reviewcoinx.com/vi/mexc/index.html]
[reviewcoinx.com/vi/tag/tao-tai-khoan-san-binance/feed/index.html]
